 cgame_debug

 Timestamp is 4dfdac34 (Sun Jun 19 02:58:44 2011)

 Preferred load address is 19000000

 Start         Length     Name                   Class
 0001:00000000 000182d0H .textbss                DATA
 0002:00000000 000279f3H .text                   CODE
 0002:00027a00 00005e20H .text$x                 CODE
 0002:0002d820 00006f98H .text$yc                CODE
 0002:000347c0 000027daH .text$yd                CODE
 0003:00000000 00000104H .CRT$XCA                DATA
 0003:00000104 000003f6H .CRT$XCU                DATA
 0003:000004fc 00000104H .CRT$XCZ                DATA
 0003:00000600 00000104H .CRT$XIA                DATA
 0003:00000704 00000104H .CRT$XIAA               DATA
 0003:00000808 00000104H .CRT$XIZ                DATA
 0003:00000910 00006355H .rdata                  DATA
 0003:00006c68 0000015eH .rdata$debug            DATA
 0003:00006dc8 00000156H .rdata$r                DATA
 0003:00006f20 00000104H .rtc$IAA                DATA
 0003:00007024 00000104H .rtc$IZZ                DATA
 0003:00007128 00000104H .rtc$TAA                DATA
 0003:0000722c 00000104H .rtc$TZZ                DATA
 0003:00007330 00004f48H .xdata$x                DATA
 0003:0000c280 0000015dH .edata                  DATA
 0004:00000000 000001feH .data                   DATA
 0004:00000200 000071dcH .bss                    DATA
 0005:00000000 00000050H .idata$2                DATA
 0005:00000050 00000014H .idata$3                DATA
 0005:00000064 0000065cH .idata$4                DATA
 0005:000006c0 0000065cH .idata$5                DATA
 0005:00000d1c 00004911H .idata$6                DATA
 0006:00000000 00000169H .rsrc$01                DATA
 0006:00000170 00000a99H .rsrc$02                DATA

  Address         Publics by Value              Rva+Base       Lib:Object

 0000:00000000       __except_list              00000000     <absolute>
 0000:00000000       ___safe_se_handler_count   00000000     <absolute>
 0000:00000000       ___safe_se_handler_table   00000000     <absolute>
 0000:00009876       __ldused                   00009876     <absolute>
 0000:00009876       __fltused                  00009876     <absolute>
 0000:00000000       ___ImageBase               19000000     <linker-defined>
 0001:00000000       __enc$textbss$begin        19001000     <linker-defined>
 0001:000182d0       __enc$textbss$end          190192d0     <linker-defined>
 0002:00002ce0       ??_H@YGXPAXIHP6EPAX0@Z@Z   1901cce0 f i mv_common.obj
 0002:00002d20       ??0?$basic_string@_WU?$char_traits@_W@std@@V?$K2StringAllocator@_W@@@std@@QAE@PB_W@Z 1901cd20 f i mv_common.obj
 0002:00002dd0       ??1?$_String_val@_WV?$K2StringAllocator@_W@@@std@@QAE@XZ 1901cdd0 f i mv_common.obj
 0002:00002e50       ?assign@?$basic_string@_WU?$char_traits@_W@std@@V?$K2StringAllocator@_W@@@std@@QAEAAV12@PB_W@Z 1901ce50 f i mv_common.obj
 0002:00002e90       ?_Tidy@?$basic_string@_WU?$char_traits@_W@std@@V?$K2StringAllocator@_W@@@std@@IAEX_NI@Z 1901ce90 f i mv_common.obj
 0002:00002f30       ??0?$_String_val@_WV?$K2StringAllocator@_W@@@std@@IAE@V?$K2StringAllocator@_W@@@Z 1901cf30 f i mv_common.obj
 0002:00002fd0       ??0?$K2StringAllocator@_W@@QAE@XZ 1901cfd0 f i mv_common.obj
 0002:00003000       ?GetInstance@CMemManager@@SAPAV1@XZ 1901d000 f i mv_common.obj
 0002:000030d0       ??1?$K2StringAllocator@_W@@QAE@XZ 1901d0d0 f i mv_common.obj
 0002:000030f0       ?assign@?$basic_string@_WU?$char_traits@_W@std@@V?$K2StringAllocator@_W@@@std@@QAEAAV12@PB_WI@Z 1901d0f0 f i mv_common.obj
 0002:000031b0       ?assign@?$basic_string@_WU?$char_traits@_W@std@@V?$K2StringAllocator@_W@@@std@@QAEAAV12@ABV12@II@Z 1901d1b0 f i mv_common.obj
 0002:000032a0       ?_Myptr@?$basic_string@_WU?$char_traits@_W@std@@V?$K2StringAllocator@_W@@@std@@IAEPA_WXZ 1901d2a0 f i mv_common.obj
 0002:000032e0       ?_Myptr@?$basic_string@_WU?$char_traits@_W@std@@V?$K2StringAllocator@_W@@@std@@IBEPB_WXZ 1901d2e0 f i mv_common.obj
 0002:00003320       ?erase@?$basic_string@_WU?$char_traits@_W@std@@V?$K2StringAllocator@_W@@@std@@QAEAAV12@II@Z 1901d320 f i mv_common.obj
 0002:000033f0       ?size@?$basic_string@_WU?$char_traits@_W@std@@V?$K2StringAllocator@_W@@@std@@QBEIXZ 1901d3f0 f i mv_common.obj
 0002:00003410       ?_Eos@?$basic_string@_WU?$char_traits@_W@std@@V?$K2StringAllocator@_W@@@std@@IAEXI@Z 1901d410 f i mv_common.obj
 0002:00003460       ?_Grow@?$basic_string@_WU?$char_traits@_W@std@@V?$K2StringAllocator@_W@@@std@@IAE_NI_N@Z 1901d460 f i mv_common.obj
 0002:00003530       ??0?$K2StringAllocator@_W@@QAE@ABV0@@Z 1901d530 f i mv_common.obj
 0002:00003560       ?deallocate@?$K2StringAllocator@_W@@QAEXPA_WI@Z 1901d560 f i mv_common.obj
 0002:000035a0       ?max_size@?$basic_string@_WU?$char_traits@_W@std@@V?$K2StringAllocator@_W@@@std@@QBEIXZ 1901d5a0 f i mv_common.obj
 0002:000035f0       ?_Copy@?$basic_string@_WU?$char_traits@_W@std@@V?$K2StringAllocator@_W@@@std@@IAEXII@Z 1901d5f0 f i mv_common.obj
 0002:000037e0       ?_Inside@?$basic_string@_WU?$char_traits@_W@std@@V?$K2StringAllocator@_W@@@std@@IAE_NPB_W@Z 1901d7e0 f i mv_common.obj
 0002:00003850       ?allocate@?$K2StringAllocator@_W@@QAEPA_WI@Z 1901d850 f i mv_common.obj
 0002:000038a0       ?Allocate@CMemManager@@SAPAXIPBDW4MemoryType@@00F@Z 1901d8a0 f i mv_common.obj
 0002:000038e0       ??$copy_s@U?$char_traits@_W@std@@@_Traits_helper@std@@YAPA_WPA_WIPB_WI@Z 1901d8e0 f i mv_common.obj
 0002:00003930       ??$_Char_traits_cat@U?$char_traits@_W@std@@@std@@YA?AU_Secure_char_traits_tag@0@XZ 1901d930 f i mv_common.obj
 0002:00003950       ??$copy_s@U?$char_traits@_W@std@@@_Traits_helper@std@@YAPA_WPA_WIPB_WIU_Secure_char_traits_tag@1@@Z 1901d950 f i mv_common.obj
 0002:00003990       ??$move_s@U?$char_traits@_W@std@@@_Traits_helper@std@@YAPA_WPA_WIPB_WI@Z 1901d990 f i mv_common.obj
 0002:000039e0       ??$move_s@U?$char_traits@_W@std@@@_Traits_helper@std@@YAPA_WPA_WIPB_WIU_Secure_char_traits_tag@1@@Z 1901d9e0 f i mv_common.obj
 0002:00003a20       ??$_Debug_pointer@_W@std@@YAXPB_W0I@Z 1901da20 f i mv_common.obj
 0002:00003a60       ??0?$basic_string@DU?$char_traits@D@std@@V?$K2StringAllocator@D@@@std@@QAE@PBD@Z 1901da60 f i mv_common.obj
 0002:00003b10       ??1?$_String_val@DV?$K2StringAllocator@D@@@std@@QAE@XZ 1901db10 f i mv_common.obj
 0002:00003b90       ?assign@?$basic_string@DU?$char_traits@D@std@@V?$K2StringAllocator@D@@@std@@QAEAAV12@PBD@Z 1901db90 f i mv_common.obj
 0002:00003bd0       ?_Tidy@?$basic_string@DU?$char_traits@D@std@@V?$K2StringAllocator@D@@@std@@IAEX_NI@Z 1901dbd0 f i mv_common.obj
 0002:00003c70       ??0?$_String_val@DV?$K2StringAllocator@D@@@std@@IAE@V?$K2StringAllocator@D@@@Z 1901dc70 f i mv_common.obj
 0002:00003d10       ??0?$K2StringAllocator@D@@QAE@XZ 1901dd10 f i mv_common.obj
 0002:00003d40       ??1?$K2StringAllocator@D@@QAE@XZ 1901dd40 f i mv_common.obj
 0002:00003d60       ?assign@?$basic_string@DU?$char_traits@D@std@@V?$K2StringAllocator@D@@@std@@QAEAAV12@PBDI@Z 1901dd60 f i mv_common.obj
 0002:00003e10       ?assign@?$basic_string@DU?$char_traits@D@std@@V?$K2StringAllocator@D@@@std@@QAEAAV12@ABV12@II@Z 1901de10 f i mv_common.obj
 0002:00003f00       ?_Myptr@?$basic_string@DU?$char_traits@D@std@@V?$K2StringAllocator@D@@@std@@IBEPBDXZ 1901df00 f i mv_common.obj
 0002:00003f40       ?erase@?$basic_string@DU?$char_traits@D@std@@V?$K2StringAllocator@D@@@std@@QAEAAV12@II@Z 1901df40 f i mv_common.obj
 0002:00004010       ?size@?$basic_string@DU?$char_traits@D@std@@V?$K2StringAllocator@D@@@std@@QBEIXZ 1901e010 f i mv_common.obj
 0002:00004030       ?_Eos@?$basic_string@DU?$char_traits@D@std@@V?$K2StringAllocator@D@@@std@@IAEXI@Z 1901e030 f i mv_common.obj
 0002:00004080       ?_Grow@?$basic_string@DU?$char_traits@D@std@@V?$K2StringAllocator@D@@@std@@IAE_NI_N@Z 1901e080 f i mv_common.obj
 0002:00004150       ?_Myptr@?$basic_string@DU?$char_traits@D@std@@V?$K2StringAllocator@D@@@std@@IAEPADXZ 1901e150 f i mv_common.obj
 0002:00004190       ??0?$K2StringAllocator@D@@QAE@ABV0@@Z 1901e190 f i mv_common.obj
 0002:000041c0       ?deallocate@?$K2StringAllocator@D@@QAEXPADI@Z 1901e1c0 f i mv_common.obj
 0002:00004200       ?max_size@?$basic_string@DU?$char_traits@D@std@@V?$K2StringAllocator@D@@@std@@QBEIXZ 1901e200 f i mv_common.obj
 0002:00004250       ?_Copy@?$basic_string@DU?$char_traits@D@std@@V?$K2StringAllocator@D@@@std@@IAEXII@Z 1901e250 f i mv_common.obj
 0002:00004440       ?_Inside@?$basic_string@DU?$char_traits@D@std@@V?$K2StringAllocator@D@@@std@@IAE_NPBD@Z 1901e440 f i mv_common.obj
 0002:000044b0       ?allocate@?$K2StringAllocator@D@@QAEPADI@Z 1901e4b0 f i mv_common.obj
 0002:00004500       ??$_Debug_pointer@D@std@@YAXPBDPB_WI@Z 1901e500 f i mv_common.obj
 0002:00004540       ??$copy_s@U?$char_traits@D@std@@@_Traits_helper@std@@YAPADPADIPBDI@Z 1901e540 f i mv_common.obj
 0002:00004590       ??$_Char_traits_cat@U?$char_traits@D@std@@@std@@YA?AU_Secure_char_traits_tag@0@XZ 1901e590 f i mv_common.obj
 0002:000045b0       ??$copy_s@U?$char_traits@D@std@@@_Traits_helper@std@@YAPADPADIPBDIU_Secure_char_traits_tag@1@@Z 1901e5b0 f i mv_common.obj
 0002:000045f0       ??$move_s@U?$char_traits@D@std@@@_Traits_helper@std@@YAPADPADIPBDI@Z 1901e5f0 f i mv_common.obj
 0002:00004640       ??$move_s@U?$char_traits@D@std@@@_Traits_helper@std@@YAPADPADIPBDIU_Secure_char_traits_tag@1@@Z 1901e640 f i mv_common.obj
 0002:00004680       ??1?$basic_string@DU?$char_traits@D@std@@V?$K2StringAllocator@D@@@std@@QAE@XZ 1901e680 f i mv_common.obj
 0002:00004700       ??1?$basic_string@_WU?$char_traits@_W@std@@V?$K2StringAllocator@_W@@@std@@QAE@XZ 1901e700 f i mv_common.obj
 0002:00004780       ?cmdNoSunFn@@YA_NPAVCConsoleElement@@ABV?$vector@V?$basic_string@_WU?$char_traits@_W@std@@V?$K2StringAllocator@_W@@@std@@V?$K2VectorAllocator@V?$basic_string@_WU?$char_traits@_W@std@@V?$K2StringAllocator@_W@@@std@@@@@@@Z 1901e780 f   mv_main.obj
 0002:00004880       ?MV_CenterCamera@@YAXXZ    1901e880 f   mv_main.obj
 0002:00004c40       ?SetAngles@CCamera@@QAEXMMM@Z 1901ec40 f i mv_main.obj
 0002:00004cb0       ?GetViewAxis@CCamera@@QBEABV?$CVec3@M@@W4EAxisComponent@@@Z 1901ecb0 f i mv_main.obj
 0002:00004ce0       ??ACAxis@@QBEABV?$CVec3@M@@H@Z 1901ece0 f i mv_main.obj
 0002:00004d10       ?Set@CAxis@@QAEXABV?$CVec3@M@@@Z 1901ed10 f i mv_main.obj
 0002:00004d80       ?Set@CAxis@@QAEXMMM@Z      1901ed80 f i mv_main.obj
 0002:00004ff0       ?M_SinCos@@YAXMAAM0@Z      1901eff0 f i mv_main.obj
 0002:00005020       ?cmdCenterFn@@YA_NPAVCConsoleElement@@ABV?$vector@V?$basic_string@_WU?$char_traits@_W@std@@V?$K2StringAllocator@_W@@@std@@V?$K2VectorAllocator@V?$basic_string@_WU?$char_traits@_W@std@@V?$K2StringAllocator@_W@@@std@@@@@@@Z 1901f020 f   mv_main.obj
 0002:00005040       ?uiCenterFn@@YA?AV?$basic_string@_WU?$char_traits@_W@std@@V?$K2StringAllocator@_W@@@std@@PAVIWidget@@ABV?$vector@PAVCUIScriptToken@@V?$K2VectorAllocator@PAVCUIScriptToken@@@@@@@Z 1901f040 f   mv_main.obj
 0002:000050a0       ?uiCenterVoidFn@@YAXPAVIWidget@@ABV?$vector@PAVCUIScriptToken@@V?$K2VectorAllocator@PAVCUIScriptToken@@@@@@@Z 1901f0a0 f   mv_main.obj
 0002:00005120       ?MV_CenterCameraHon@@YAXXZ 1901f120 f   mv_main.obj
 0002:00005420       ?cmdCenterHonFn@@YA_NPAVCConsoleElement@@ABV?$vector@V?$basic_string@_WU?$char_traits@_W@std@@V?$K2StringAllocator@_W@@@std@@V?$K2VectorAllocator@V?$basic_string@_WU?$char_traits@_W@std@@V?$K2StringAllocator@_W@@@std@@@@@@@Z 1901f420 f   mv_main.obj
 0002:00005440       ?uiCenterHonFn@@YA?AV?$basic_string@_WU?$char_traits@_W@std@@V?$K2StringAllocator@_W@@@std@@PAVIWidget@@ABV?$vector@PAVCUIScriptToken@@V?$K2VectorAllocator@PAVCUIScriptToken@@@@@@@Z 1901f440 f   mv_main.obj
 0002:000054a0       ?uiCenterHonVoidFn@@YAXPAVIWidget@@ABV?$vector@PAVCUIScriptToken@@V?$K2VectorAllocator@PAVCUIScriptToken@@@@@@@Z 1901f4a0 f   mv_main.obj
 0002:00005520       ?cmdPlayAnimFn@@YA_NPAVCConsoleElement@@ABV?$vector@V?$basic_string@_WU?$char_traits@_W@std@@V?$K2StringAllocator@_W@@@std@@V?$K2VectorAllocator@V?$basic_string@_WU?$char_traits@_W@std@@V?$K2StringAllocator@_W@@@std@@@@@@@Z 1901f520 f   mv_main.obj
 0002:00005600       ?GetTime@CHostClient@@QBEIXZ 1901f600 f i mv_main.obj
 0002:00005620       ?AtoI@@YAHABV?$basic_string@_WU?$char_traits@_W@std@@V?$K2StringAllocator@_W@@@std@@@Z 1901f620 f i mv_main.obj
 0002:00005650       ?uiPlayAnimFn@@YA?AV?$basic_string@_WU?$char_traits@_W@std@@V?$K2StringAllocator@_W@@@std@@PAVIWidget@@ABV?$vector@PAVCUIScriptToken@@V?$K2VectorAllocator@PAVCUIScriptToken@@@@@@@Z 1901f650 f   mv_main.obj
 0002:000056b0       ?size@?$vector@V?$basic_string@_WU?$char_traits@_W@std@@V?$K2StringAllocator@_W@@@std@@V?$K2VectorAllocator@V?$basic_string@_WU?$char_traits@_W@std@@V?$K2StringAllocator@_W@@@std@@@@@std@@QBEIXZ 1901f6b0 f i mv_main.obj
 0002:00005700       ??A?$vector@V?$basic_string@_WU?$char_traits@_W@std@@V?$K2StringAllocator@_W@@@std@@V?$K2VectorAllocator@V?$basic_string@_WU?$char_traits@_W@std@@V?$K2StringAllocator@_W@@@std@@@@@std@@QBEABV?$basic_string@_WU?$char_traits@_W@std@@V?$K2StringAllocator@_W@@@1@I@Z 1901f700 f i mv_main.obj
 0002:00005820       ?uiPlayAnimVoidFn@@YAXPAVIWidget@@ABV?$vector@PAVCUIScriptToken@@V?$K2VectorAllocator@PAVCUIScriptToken@@@@@@@Z 1901f820 f   mv_main.obj
 0002:00005880       ?cmdSetAnimSpeedFn@@YA_NPAVCConsoleElement@@ABV?$vector@V?$basic_string@_WU?$char_traits@_W@std@@V?$K2StringAllocator@_W@@@std@@V?$K2VectorAllocator@V?$basic_string@_WU?$char_traits@_W@std@@V?$K2StringAllocator@_W@@@std@@@@@@@Z 1901f880 f   mv_main.obj
 0002:00005910       ?AtoF@@YAMABV?$basic_string@_WU?$char_traits@_W@std@@V?$K2StringAllocator@_W@@@std@@@Z 1901f910 f i mv_main.obj
 0002:00005940       ?WTOF@@YANABV?$basic_string@_WU?$char_traits@_W@std@@V?$K2StringAllocator@_W@@@std@@@Z 1901f940 f i mv_main.obj
 0002:00005970       ?uiSetAnimSpeedFn@@YA?AV?$basic_string@_WU?$char_traits@_W@std@@V?$K2StringAllocator@_W@@@std@@PAVIWidget@@ABV?$vector@PAVCUIScriptToken@@V?$K2VectorAllocator@PAVCUIScriptToken@@@@@@@Z 1901f970 f   mv_main.obj
 0002:000059d0       ?uiSetAnimSpeedVoidFn@@YAXPAVIWidget@@ABV?$vector@PAVCUIScriptToken@@V?$K2VectorAllocator@PAVCUIScriptToken@@@@@@@Z 1901f9d0 f   mv_main.obj
 0002:00005a60       ?cmdSetAnimTimeFn@@YA_NPAVCConsoleElement@@ABV?$vector@V?$basic_string@_WU?$char_traits@_W@std@@V?$K2StringAllocator@_W@@@std@@V?$K2VectorAllocator@V?$basic_string@_WU?$char_traits@_W@std@@V?$K2StringAllocator@_W@@@std@@@@@@@Z 1901fa60 f   mv_main.obj
 0002:00005af0       ?uiSetAnimTimeFn@@YA?AV?$basic_string@_WU?$char_traits@_W@std@@V?$K2StringAllocator@_W@@@std@@PAVIWidget@@ABV?$vector@PAVCUIScriptToken@@V?$K2VectorAllocator@PAVCUIScriptToken@@@@@@@Z 1901faf0 f   mv_main.obj
 0002:00005b50       ?uiSetAnimTimeVoidFn@@YAXPAVIWidget@@ABV?$vector@PAVCUIScriptToken@@V?$K2VectorAllocator@PAVCUIScriptToken@@@@@@@Z 1901fb50 f   mv_main.obj
 0002:00005be0       ?cmdStartEffectFn@@YA_NPAVCConsoleElement@@ABV?$vector@V?$basic_string@_WU?$char_traits@_W@std@@V?$K2StringAllocator@_W@@@std@@V?$K2VectorAllocator@V?$basic_string@_WU?$char_traits@_W@std@@V?$K2StringAllocator@_W@@@std@@@@@@@Z 1901fbe0 f   mv_main.obj
 0002:00005e10       ?SetCamera@CEffectThread@@QAEXPAVCCamera@@@Z 1901fe10 f i mv_main.obj
 0002:00005e40       ?SetWorld@CEffectThread@@QAEXPAVCWorld@@@Z 1901fe40 f i mv_main.obj
 0002:00005e70       ?SetSourceSkeleton@CEffectThread@@QAEXPAVCSkeleton@@@Z 1901fe70 f i mv_main.obj
 0002:00005ea0       ?SetSourceModel@CEffectThread@@QAEXPAVCModel@@@Z 1901fea0 f i mv_main.obj
 0002:00005ed0       ?SetTargetSkeleton@CEffectThread@@QAEXPAVCSkeleton@@@Z 1901fed0 f i mv_main.obj
 0002:00005f00       ?SetTargetModel@CEffectThread@@QAEXPAVCModel@@@Z 1901ff00 f i mv_main.obj
 0002:00005f30       ??0?$basic_string@_WU?$char_traits@_W@std@@V?$K2StringAllocator@_W@@@std@@QAE@ABV01@@Z 1901ff30 f i mv_main.obj
 0002:00005fd0       ?cmdStopEffectsFn@@YA_NPAVCConsoleElement@@ABV?$vector@V?$basic_string@_WU?$char_traits@_W@std@@V?$K2StringAllocator@_W@@@std@@V?$K2VectorAllocator@V?$basic_string@_WU?$char_traits@_W@std@@V?$K2StringAllocator@_W@@@std@@@@@@@Z 1901ffd0 f   mv_main.obj
 0002:00006070       ?cmdExpireEffectsFn@@YA_NPAVCConsoleElement@@ABV?$vector@V?$basic_string@_WU?$char_traits@_W@std@@V?$K2StringAllocator@_W@@@std@@V?$K2VectorAllocator@V?$basic_string@_WU?$char_traits@_W@std@@V?$K2StringAllocator@_W@@@std@@@@@@@Z 19020070 f   mv_main.obj
 0002:00006190       ?c_str@?$basic_string@_WU?$char_traits@_W@std@@V?$K2StringAllocator@_W@@@std@@QBEPB_WXZ 19020190 f i mv_main.obj
 0002:000061c0       ?eventStopEffectFn@@YA_NABV?$vector@V?$basic_string@_WU?$char_traits@_W@std@@V?$K2StringAllocator@_W@@@std@@V?$K2VectorAllocator@V?$basic_string@_WU?$char_traits@_W@std@@V?$K2StringAllocator@_W@@@std@@@@@@H@Z 190201c0 f   mv_main.obj
 0002:000062d0       ??6CConsoleStream@@QAEAAV0@ABV?$basic_string@_WU?$char_traits@_W@std@@V?$K2StringAllocator@_W@@@std@@@Z 190202d0 f i mv_main.obj
 0002:00006300       ?AddOutputHistory@CConsoleStream@@AAEXABV?$basic_string@_WU?$char_traits@_W@std@@V?$K2StringAllocator@_W@@@std@@@Z 19020300 f i mv_main.obj
 0002:00006330       ?GetNewl@CConsole@@QBEABV?$basic_string@_WU?$char_traits@_W@std@@V?$K2StringAllocator@_W@@@std@@XZ 19020330 f i mv_main.obj
 0002:00006360       ??6CConsole@@QAEAAVCConsoleStream@@PB_W@Z 19020360 f i mv_main.obj
 0002:00006390       ??6CConsoleStream@@QAEAAV0@PB_W@Z 19020390 f i mv_main.obj
 0002:00006420       ?eventStartEffectFn@@YA_NABV?$vector@V?$basic_string@_WU?$char_traits@_W@std@@V?$K2StringAllocator@_W@@@std@@V?$K2VectorAllocator@V?$basic_string@_WU?$char_traits@_W@std@@V?$K2StringAllocator@_W@@@std@@@@@@H@Z 19020420 f   mv_main.obj
 0002:00006ac0       ?SetActive@CEffectThread@@QAEX_N@Z 19020ac0 f i mv_main.obj
 0002:00006af0       ?SetSourcePos@CEffectThread@@QAEXABV?$CVec3@M@@@Z 19020af0 f i mv_main.obj
 0002:00006b30       ?SetSourceAxis@CEffectThread@@QAEXABVCAxis@@@Z 19020b30 f i mv_main.obj
 0002:00006b70       ?SetSourceScale@CEffectThread@@QAEXM@Z 19020b70 f i mv_main.obj
 0002:00006ba0       ?SetSourceEffectScale@CEffectThread@@QAEXM@Z 19020ba0 f i mv_main.obj
 0002:00006bd0       ?SetTargetPos@CEffectThread@@QAEXABV?$CVec3@M@@@Z 19020bd0 f i mv_main.obj
 0002:00006c10       ?SetTargetAxis@CEffectThread@@QAEXABVCAxis@@@Z 19020c10 f i mv_main.obj
 0002:00006c50       ?SetTargetScale@CEffectThread@@QAEXM@Z 19020c50 f i mv_main.obj
 0002:00006c80       ?SetTargetEffectScale@CEffectThread@@QAEXM@Z 19020c80 f i mv_main.obj
 0002:00006cb0       ?cos@@YAMM@Z               19020cb0 f i mv_main.obj
 0002:00006ce0       _cosf                      19020ce0 f i mv_main.obj
 0002:00006d10       ?sin@@YAMM@Z               19020d10 f i mv_main.obj
 0002:00006d40       _sinf                      19020d40 f i mv_main.obj
 0002:00006d70       ?MsToSec@@YAMI@Z           19020d70 f i mv_main.obj
 0002:00006db0       ??1CAxis@@QAE@XZ           19020db0 f i mv_main.obj
 0002:00006dd0       ??0CAxis@@QAE@MMM@Z        19020dd0 f i mv_main.obj
 0002:00006e30       ?eventPlaySoundFn@@YA_NABV?$vector@V?$basic_string@_WU?$char_traits@_W@std@@V?$K2StringAllocator@_W@@@std@@V?$K2VectorAllocator@V?$basic_string@_WU?$char_traits@_W@std@@V?$K2StringAllocator@_W@@@std@@@@@@H@Z 19020e30 f   mv_main.obj
 0002:00007260       ?eventPlaySoundLoopingFn@@YA_NABV?$vector@V?$basic_string@_WU?$char_traits@_W@std@@V?$K2StringAllocator@_W@@@std@@V?$K2VectorAllocator@V?$basic_string@_WU?$char_traits@_W@std@@V?$K2StringAllocator@_W@@@std@@@@@@H@Z 19021260 f   mv_main.obj
 0002:00007760       ?AtoB@@YA_NABV?$basic_string@_WU?$char_traits@_W@std@@V?$K2StringAllocator@_W@@@std@@@Z 19021760 f i mv_main.obj
 0002:00007840       ?CompareNoCase@@YAHABV?$basic_string@_WU?$char_traits@_W@std@@V?$K2StringAllocator@_W@@@std@@0@Z 19021840 f i mv_main.obj
 0002:00007870       ?eventPlaySoundLinearFn@@YA_NABV?$vector@V?$basic_string@_WU?$char_traits@_W@std@@V?$K2StringAllocator@_W@@@std@@V?$K2VectorAllocator@V?$basic_string@_WU?$char_traits@_W@std@@V?$K2StringAllocator@_W@@@std@@@@@@H@Z 19021870 f   mv_main.obj
 0002:00007ce0       ?eventPlaySoundLoopingLinearFn@@YA_NABV?$vector@V?$basic_string@_WU?$char_traits@_W@std@@V?$K2StringAllocator@_W@@@std@@V?$K2VectorAllocator@V?$basic_string@_WU?$char_traits@_W@std@@V?$K2StringAllocator@_W@@@std@@@@@@H@Z 19021ce0 f   mv_main.obj
 0002:000081e0       ?eventStopSoundFn@@YA_NABV?$vector@V?$basic_string@_WU?$char_traits@_W@std@@V?$K2StringAllocator@_W@@@std@@V?$K2VectorAllocator@V?$basic_string@_WU?$char_traits@_W@std@@V?$K2StringAllocator@_W@@@std@@@@@@H@Z 190221e0 f   mv_main.obj
 0002:00008270       ?actCameraPitchFn@@YAXMMABV?$CVec2@M@@ABV?$basic_string@_WU?$char_traits@_W@std@@V?$K2StringAllocator@_W@@@std@@@Z 19022270 f   mv_main.obj
 0002:00008550       ?actCameraYawFn@@YAXMMABV?$CVec2@M@@ABV?$basic_string@_WU?$char_traits@_W@std@@V?$K2StringAllocator@_W@@@std@@@Z 19022550 f   mv_main.obj
 0002:00008830       ?actZoomInFn@@YAXMMABV?$CVec2@M@@ABV?$basic_string@_WU?$char_traits@_W@std@@V?$K2StringAllocator@_W@@@std@@@Z 19022830 f   mv_main.obj
 0002:00008870       ?actZoomOutFn@@YAXMMABV?$CVec2@M@@ABV?$basic_string@_WU?$char_traits@_W@std@@V?$K2StringAllocator@_W@@@std@@@Z 19022870 f   mv_main.obj
 0002:000088b0       ?actToggleViewerUIFn@@YAXMMABV?$CVec2@M@@ABV?$basic_string@_WU?$char_traits@_W@std@@V?$K2StringAllocator@_W@@@std@@@Z 190228b0 f   mv_main.obj
 0002:00008940       ?MV_StopAllSounds@@YAXXZ   19022940 f   mv_main.obj
 0002:000089c0       ?Reset@?$CCvar@MM@@UAEXXZ  190229c0 f i mv_main.obj
 0002:00008a30       ?MV_UpdateSounds@@YAXABV?$CVec3@M@@0@Z 19022a30 f   mv_main.obj
 0002:00008ac0       ?MV_ParticleTrace@@YA_NABV?$CVec3@M@@0AAV1@1@Z 19022ac0 f   mv_main.obj
 0002:00008c80       ?MV_UpdateAnimListUI@@YAXI@Z 19022c80 f   mv_main.obj
 0002:00008e30       ?empty@?$basic_string@_WU?$char_traits@_W@std@@V?$K2StringAllocator@_W@@@std@@QBE_NXZ 19022e30 f i mv_main.obj
 0002:00008e60       ?CL_Init@@YA_NPAVCHostClient@@@Z 19022e60 f   mv_main.obj
 0002:0000a300       ?Set@CMemManager@@SAPAXPAXEI@Z 19024300 f i mv_main.obj
 0002:0000a330       ?GetWorld@CHostClient@@QBEPAVCWorld@@XZ 19024330 f i mv_main.obj
 0002:0000a360       ?SetHostType@CWorld@@QAEXE@Z 19024360 f i mv_main.obj
 0002:0000a390       ?GetString@?$CCvar@V?$CVec3@M@@M@@UBE?AV?$basic_string@_WU?$char_traits@_W@std@@V?$K2StringAllocator@_W@@@std@@XZ 19024390 f i mv_main.obj
 0002:0000a3f0       ?MV_AddSelectionRingToScene@@YAXXZ 190243f0 f   mv_main.obj
 0002:0000a5d0       ?CL_Frame@@YAXXZ           190245d0 f   mv_main.obj
 0002:0000ce70       ?SetX@CCamera@@QAEXM@Z     19026e70 f i mv_main.obj
 0002:0000cea0       ?SetY@CCamera@@QAEXM@Z     19026ea0 f i mv_main.obj
 0002:0000ced0       ?SetWidth@CCamera@@QAEXM@Z 19026ed0 f i mv_main.obj
 0002:0000cf00       ?SetHeight@CCamera@@QAEXM@Z 19026f00 f i mv_main.obj
 0002:0000cf30       ?SetFovXCalc@CCamera@@QAEXM@Z 19026f30 f i mv_main.obj
 0002:0000cf70       ?SetTime@CCamera@@QAEXM@Z  19026f70 f i mv_main.obj
 0002:0000cfa0       ?SetShadowBias@CCamera@@QAEXM@Z 19026fa0 f i mv_main.obj
 0002:0000cfd0       ?SetShadowMaxFov@CCamera@@QAEXM@Z 19026fd0 f i mv_main.obj
 0002:0000d000       ?SetReflect@CCamera@@QAEXABVCPlane@@@Z 19027000 f i mv_main.obj
 0002:0000d050       ?SetAngles@CCamera@@QAEXABV?$CVec3@M@@@Z 19027050 f i mv_main.obj
 0002:0000d0a0       ?SetOrigin@CCamera@@QAEXABV?$CVec3@M@@@Z 190270a0 f i mv_main.obj
 0002:0000d0e0       ?GetOrigin@CCamera@@QBEABV?$CVec3@M@@XZ 190270e0 f i mv_main.obj
 0002:0000d100       ?AddFlags@CCamera@@QAEXH@Z 19027100 f i mv_main.obj
 0002:0000d130       ?RemoveFlags@CCamera@@QAEXH@Z 19027130 f i mv_main.obj
 0002:0000d160       ?SetCenter@CSoundManager@@QAEXABV?$CVec3@M@@@Z 19027160 f i mv_main.obj
 0002:0000d1a0       ?GetInstances@CEffectThread@@QBEABV?$map@V?$basic_string@_WU?$char_traits@_W@std@@V?$K2StringAllocator@_W@@@std@@PAVIEffectInstance@@U?$less@V?$basic_string@_WU?$char_traits@_W@std@@V?$K2StringAllocator@_W@@@std@@@2@V?$K2MapAllocator@U?$pair@$$CBV?$basic_string@_WU?$char_traits@_W@std@@V?$K2StringAllocator@_W@@@std@@PAVIEffectInstance@@@std@@@@@@XZ 190271a0 f i mv_main.obj
 0002:0000d1c0       ?GetCameraOffset@CEffectThread@@QBEABV?$CVec3@M@@XZ 190271c0 f i mv_main.obj
 0002:0000d1e0       ?GetCameraAngleOffset@CEffectThread@@QBEABV?$CVec3@M@@XZ 190271e0 f i mv_main.obj
 0002:0000d210       ?SetSourceVisibility@CEffectThread@@QAEX_N@Z 19027210 f i mv_main.obj
 0002:0000d240       ?GetTime@CHost@@QAEIXZ     19027240 f i mv_main.obj
 0002:0000d260       ?GetFrameLength@CHost@@QAEIXZ 19027260 f i mv_main.obj
 0002:0000d280       ?INT_FLOOR@@YAHM@Z         19027280 f i mv_main.obj
 0002:0000d2a0       ??0CAxis@@QAE@ABV?$CVec3@M@@@Z 190272a0 f i mv_main.obj
 0002:0000d2f0       ?Up@CAxis@@QAEAAV?$CVec3@M@@XZ 190272f0 f i mv_main.obj
 0002:0000d310       ?IsLoaded@CWorld@@QBE_NXZ  19027310 f i mv_main.obj
 0002:0000d330       ?IsLoading@CWorld@@QBE_NXZ 19027330 f i mv_main.obj
 0002:0000d390       ??0CPlane@@QAE@ABV?$CVec3@M@@0@Z 19027390 f i mv_main.obj
 0002:0000d3f0       ?GetEventCmds@CSkeleton@@QAEABV?$vector@USAnimEventCmd@@V?$K2VectorAllocator@USAnimEventCmd@@@@@@XZ 190273f0 f i mv_main.obj
 0002:0000d420       ?XtoW@@YA?AV?$basic_string@_WU?$char_traits@_W@std@@V?$K2StringAllocator@_W@@@std@@_N0@Z 19027420 f i mv_main.obj
 0002:0000d4c0       ?empty@?$CCvar@V?$basic_string@_WU?$char_traits@_W@std@@V?$K2StringAllocator@_W@@@std@@V12@@@QBE_NXZ 190274c0 f i mv_main.obj
 0002:0000d4f0       ??B?$CCvar@V?$basic_string@_WU?$char_traits@_W@std@@V?$K2StringAllocator@_W@@@std@@V12@@@QBE?AV?$basic_string@_WU?$char_traits@_W@std@@V?$K2StringAllocator@_W@@@std@@XZ 190274f0 f i mv_main.obj
 0002:0000d540       ?GetWorkingDirectory@CFileManager@@QAEABV?$basic_string@_WU?$char_traits@_W@std@@V?$K2StringAllocator@_W@@@std@@XZ 19027540 f i mv_main.obj
 0002:0000d560       ?GetSceneX@CInterface@@QBEMXZ 19027560 f i mv_main.obj
 0002:0000d590       ?GetSceneY@CInterface@@QBEMXZ 19027590 f i mv_main.obj
 0002:0000d5c0       ?GetSceneWidth@CInterface@@QBEMXZ 190275c0 f i mv_main.obj
 0002:0000d5f0       ?GetSceneHeight@CInterface@@QBEMXZ 190275f0 f i mv_main.obj
 0002:0000d620       ??1?$vector@HV?$K2VectorAllocator@H@@@@QAE@XZ 19027620 f i mv_main.obj
 0002:0000d650       ??1?$_Vector_const_iterator@USAnimEventCmd@@V?$K2VectorAllocator@USAnimEventCmd@@@@@std@@QAE@XZ 19027650 f i mv_main.obj
 0002:0000d680       ??1const_iterator@?$_Tree@V?$_Tmap_traits@V?$basic_string@_WU?$char_traits@_W@std@@V?$K2StringAllocator@_W@@@std@@PAVIEffectInstance@@U?$less@V?$basic_string@_WU?$char_traits@_W@std@@V?$K2StringAllocator@_W@@@std@@@2@V?$K2MapAllocator@U?$pair@$$CBV?$basic_string@_WU?$char_traits@_W@std@@V?$K2StringAllocator@_W@@@std@@PAVIEffectInstance@@@std@@@@$0A@@std@@@std@@QAE@XZ 19027680 f i mv_main.obj
 0002:0000d6b0       ??1?$_Ranit@USAnimEventCmd@@HPBU1@ABU1@@std@@QAE@XZ 190276b0 f i mv_main.obj
 0002:0000d6e0       ??1_Iterator_base@std@@QAE@XZ 190276e0 f i mv_main.obj
 0002:0000d760       ?_Orphan_me@_Iterator_base@std@@QAEXXZ 19027760 f i mv_main.obj
 0002:0000d800       ??1?$_Bidit@U?$pair@$$CBV?$basic_string@_WU?$char_traits@_W@std@@V?$K2StringAllocator@_W@@@std@@PAVIEffectInstance@@@std@@HPBU12@ABU12@@std@@QAE@XZ 19027800 f i mv_main.obj
 0002:0000d830       ?CL_RasterCircle@@YAXPAEIHHH@Z 19027830 f   mv_main.obj
 0002:0000da30       ?CL_RasterCircle2@@YAXPAEIHHH@Z 19027a30 f   mv_main.obj
 0002:0000dbf0       ?CL_RasterHLine@@YAXPAEIHHH@Z 19027bf0 f i mv_main.obj
 0002:0000dc40       ?CL_RasterRect@@YAXPAEIHHHH@Z 19027c40 f   mv_main.obj
 0002:0000dca0       ?CL_Shutdown@@YAXXZ        19027ca0 f   mv_main.obj
 0002:0000dd40       ?CL_ProcessSnapshot@@YA_NAAVCSnapshot@@@Z 19027d40 f   mv_main.obj
 0002:0000dd60       ?CL_FileDropNotify@@YAXABV?$vector@V?$basic_string@_WU?$char_traits@_W@std@@V?$K2StringAllocator@_W@@@std@@V?$K2VectorAllocator@V?$basic_string@_WU?$char_traits@_W@std@@V?$K2StringAllocator@_W@@@std@@@@@@@Z 19027d60 f   mv_main.obj
 0002:0000e4d0       ??1?$_Vector_const_iterator@V?$basic_string@_WU?$char_traits@_W@std@@V?$K2StringAllocator@_W@@@std@@V?$K2VectorAllocator@V?$basic_string@_WU?$char_traits@_W@std@@V?$K2StringAllocator@_W@@@std@@@@@std@@QAE@XZ 190284d0 f i mv_main.obj
 0002:0000e500       ??1?$_Ranit@V?$basic_string@_WU?$char_traits@_W@std@@V?$K2StringAllocator@_W@@@std@@HPBV12@ABV12@@std@@QAE@XZ 19028500 f i mv_main.obj
 0002:0000e530       ??4?$CCvar@V?$basic_string@_WU?$char_traits@_W@std@@V?$K2StringAllocator@_W@@@std@@V12@@@QAEABV?$basic_string@_WU?$char_traits@_W@std@@V?$K2StringAllocator@_W@@@std@@ABV12@@Z 19028530 f i mv_main.obj
 0002:0000e570       ?empty@?$vector@V?$basic_string@_WU?$char_traits@_W@std@@V?$K2StringAllocator@_W@@@std@@V?$K2VectorAllocator@V?$basic_string@_WU?$char_traits@_W@std@@V?$K2StringAllocator@_W@@@std@@@@@std@@QBE_NXZ 19028570 f i mv_main.obj
 0002:0000e5a0       ??4?$basic_string@_WU?$char_traits@_W@std@@V?$K2StringAllocator@_W@@@std@@QAEAAV01@ABV01@@Z 190285a0 f i mv_main.obj
 0002:0000e5d0       ?length@?$basic_string@_WU?$char_traits@_W@std@@V?$K2StringAllocator@_W@@@std@@QBEIXZ 190285d0 f i mv_main.obj
 0002:0000e5f0       ?InitLibrary@@YAXAAVCClientGameLib@@@Z 190285f0 f   mv_main.obj
 0002:0000e730       ?SetName@CClientGameLib@@QAEXABV?$basic_string@_WU?$char_traits@_W@std@@V?$K2StringAllocator@_W@@@std@@@Z 19028730 f i mv_main.obj
 0002:0000e760       ?SetTypeName@CClientGameLib@@QAEXABV?$basic_string@_WU?$char_traits@_W@std@@V?$K2StringAllocator@_W@@@std@@@Z 19028760 f i mv_main.obj
 0002:0000e790       ?SetMajorVersion@CClientGameLib@@QAEXH@Z 19028790 f i mv_main.obj
 0002:0000e7c0       ?SetMinorVersion@CClientGameLib@@QAEXH@Z 190287c0 f i mv_main.obj
 0002:0000e7f0       ?AssignInitFn@CClientGameLib@@QAEXP6A_NPAVCHostClient@@@Z@Z 190287f0 f i mv_main.obj
 0002:0000e820       ?AssignFrameFn@CClientGameLib@@QAEXP6AXXZ@Z 19028820 f i mv_main.obj
 0002:0000e850       ?AssignShutdownFn@CClientGameLib@@QAEXP6AXXZ@Z 19028850 f i mv_main.obj
 0002:0000e880       ?AssignSnapshotFn@CClientGameLib@@QAEXP6A_NAAVCSnapshot@@@Z@Z 19028880 f i mv_main.obj
 0002:0000e8b0       ?AssignDropNotifyFn@CClientGameLib@@QAEXP6AXABV?$vector@V?$basic_string@_WU?$char_traits@_W@std@@V?$K2StringAllocator@_W@@@std@@V?$K2VectorAllocator@V?$basic_string@_WU?$char_traits@_W@std@@V?$K2StringAllocator@_W@@@std@@@@@@@Z@Z 190288b0 f i mv_main.obj
 0002:0000e8e0       ?sgenrand@@YAXK@Z          190288e0 f   mv_main.obj
 0002:0000e990       ?genrand@@YAKXZ            19028990 f   mv_main.obj
 0002:0000eba0       ?M_RandomMersenneInt@@YAHHH@Z 19028ba0 f   mv_main.obj
 0002:0000ec00       ?M_RandomMersenneFloat@@YAMMM@Z 19028c00 f   mv_main.obj
 0002:0000ec80       ?M_RandomMersenneFloat@@YAMXZ 19028c80 f   mv_main.obj
 0002:0000ecd0       ?cmdBlueNoiseFn@@YA_NPAVCConsoleElement@@ABV?$vector@V?$basic_string@_WU?$char_traits@_W@std@@V?$K2StringAllocator@_W@@@std@@V?$K2VectorAllocator@V?$basic_string@_WU?$char_traits@_W@std@@V?$K2StringAllocator@_W@@@std@@@@@@@Z 19028cd0 f   mv_main.obj
 0002:0000fc50       ?XtoW@@YA?AV?$basic_string@_WU?$char_traits@_W@std@@V?$K2StringAllocator@_W@@@std@@MHHH@Z 19029c50 f i mv_main.obj
 0002:0000fd30       ??6CConsoleStream@@QAEAAV0@I@Z 19029d30 f i mv_main.obj
 0002:0000fde0       ?XtoW@@YA?AV?$basic_string@_WU?$char_traits@_W@std@@V?$K2StringAllocator@_W@@@std@@IHHH@Z 19029de0 f i mv_main.obj
 0002:0000fe30       ??0?$basic_string@_WU?$char_traits@_W@std@@V?$K2StringAllocator@_W@@@std@@QAE@U_Has_debug_it@01@@Z 19029e30 f i mv_main.obj
 0002:0000fee0       ??0_Has_debug_it@?$basic_string@_WU?$char_traits@_W@std@@V?$K2StringAllocator@_W@@@std@@QAE@_N@Z 19029ee0 f i mv_main.obj
 0002:0000ff10       ?cmdModelMaterialListFn@@YA_NPAVCConsoleElement@@ABV?$vector@V?$basic_string@_WU?$char_traits@_W@std@@V?$K2StringAllocator@_W@@@std@@V?$K2VectorAllocator@V?$basic_string@_WU?$char_traits@_W@std@@V?$K2StringAllocator@_W@@@std@@@@@@@Z 19029f10 f   mv_main.obj
 0002:000100b0       ?GetType@IModel@@QBE?AW4EModelType@@XZ 1902a0b0 f i mv_main.obj
 0002:000100d0       ?GetModelFile@CModel@@QAEPAVIModel@@XZ 1902a0d0 f i mv_main.obj
 0002:00010100       ?fnGetTerrainTypeFn@@YA?AV?$basic_string@_WU?$char_traits@_W@std@@V?$K2StringAllocator@_W@@@std@@ABV?$vector@V?$basic_string@_WU?$char_traits@_W@std@@V?$K2StringAllocator@_W@@@std@@V?$K2VectorAllocator@V?$basic_string@_WU?$char_traits@_W@std@@V?$K2StringAllocator@_W@@@std@@@@@@@Z 1902a100 f   mv_main.obj
 0002:00010140       ?cmdReformatMaterialsFn@@YA_NPAVCConsoleElement@@ABV?$vector@V?$basic_string@_WU?$char_traits@_W@std@@V?$K2StringAllocator@_W@@@std@@V?$K2VectorAllocator@V?$basic_string@_WU?$char_traits@_W@std@@V?$K2StringAllocator@_W@@@std@@@@@@@Z 1902a140 f   mv_main.obj
 0002:00010370       ??1?$vector@V?$basic_string@_WU?$char_traits@_W@std@@V?$K2StringAllocator@_W@@@std@@V?$K2VectorAllocator@V?$basic_string@_WU?$char_traits@_W@std@@V?$K2StringAllocator@_W@@@std@@@@@@QAE@XZ 1902a370 f i mv_main.obj
 0002:000103a0       ??1?$_Vector_iterator@V?$basic_string@_WU?$char_traits@_W@std@@V?$K2StringAllocator@_W@@@std@@V?$K2VectorAllocator@V?$basic_string@_WU?$char_traits@_W@std@@V?$K2StringAllocator@_W@@@std@@@@@std@@QAE@XZ 1902a3a0 f i mv_main.obj
 0002:000103d0       ??0?$vector@V?$basic_string@_WU?$char_traits@_W@std@@V?$K2StringAllocator@_W@@@std@@V?$K2VectorAllocator@V?$basic_string@_WU?$char_traits@_W@std@@V?$K2StringAllocator@_W@@@std@@@@@@QAE@XZ 1902a3d0 f i mv_main.obj
 0002:00010400       ??1?$vector@V?$basic_string@_WU?$char_traits@_W@std@@V?$K2StringAllocator@_W@@@std@@V?$K2VectorAllocator@V?$basic_string@_WU?$char_traits@_W@std@@V?$K2StringAllocator@_W@@@std@@@@@std@@QAE@XZ 1902a400 f i mv_main.obj
 0002:00010480       ?begin@?$vector@V?$basic_string@_WU?$char_traits@_W@std@@V?$K2StringAllocator@_W@@@std@@V?$K2VectorAllocator@V?$basic_string@_WU?$char_traits@_W@std@@V?$K2StringAllocator@_W@@@std@@@@@std@@QAE?AV?$_Vector_iterator@V?$basic_string@_WU?$char_traits@_W@std@@V?$K2StringAllocator@_W@@@std@@V?$K2VectorAllocator@V?$basic_string@_WU?$char_traits@_W@std@@V?$K2StringAllocator@_W@@@std@@@@@2@XZ 1902a480 f i mv_main.obj
 0002:000104d0       ?end@?$vector@V?$basic_string@_WU?$char_traits@_W@std@@V?$K2StringAllocator@_W@@@std@@V?$K2VectorAllocator@V?$basic_string@_WU?$char_traits@_W@std@@V?$K2StringAllocator@_W@@@std@@@@@std@@QAE?AV?$_Vector_iterator@V?$basic_string@_WU?$char_traits@_W@std@@V?$K2StringAllocator@_W@@@std@@V?$K2VectorAllocator@V?$basic_string@_WU?$char_traits@_W@std@@V?$K2StringAllocator@_W@@@std@@@@@2@XZ 1902a4d0 f i mv_main.obj
 0002:00010520       ??1?$_Vector_val@V?$basic_string@_WU?$char_traits@_W@std@@V?$K2StringAllocator@_W@@@std@@V?$K2VectorAllocator@V?$basic_string@_WU?$char_traits@_W@std@@V?$K2StringAllocator@_W@@@std@@@@@std@@QAE@XZ 1902a520 f i mv_main.obj
 0002:000105a0       ?cmdReformatMaterialFn@@YA_NPAVCConsoleElement@@ABV?$vector@V?$basic_string@_WU?$char_traits@_W@std@@V?$K2StringAllocator@_W@@@std@@V?$K2VectorAllocator@V?$basic_string@_WU?$char_traits@_W@std@@V?$K2StringAllocator@_W@@@std@@@@@@@Z 1902a5a0 f   mv_main.obj
 0002:000106d0       ?cmdTestFormatFloatFn@@YA_NPAVCConsoleElement@@ABV?$vector@V?$basic_string@_WU?$char_traits@_W@std@@V?$K2StringAllocator@_W@@@std@@V?$K2VectorAllocator@V?$basic_string@_WU?$char_traits@_W@std@@V?$K2StringAllocator@_W@@@std@@@@@@@Z 1902a6d0 f   mv_main.obj
 0002:000107f0       ?XtoW@@YA?AV?$basic_string@_WU?$char_traits@_W@std@@V?$K2StringAllocator@_W@@@std@@MHHHH@Z 1902a7f0 f i mv_main.obj
 0002:000108e0       ??6CConsole@@QAEAAVCConsoleStream@@ABV?$basic_string@_WU?$char_traits@_W@std@@V?$K2StringAllocator@_W@@@std@@@Z 1902a8e0 f i mv_main.obj
 0002:00010910       ?cmdRenameFilesFn@@YA_NPAVCConsoleElement@@ABV?$vector@V?$basic_string@_WU?$char_traits@_W@std@@V?$K2StringAllocator@_W@@@std@@V?$K2VectorAllocator@V?$basic_string@_WU?$char_traits@_W@std@@V?$K2StringAllocator@_W@@@std@@@@@@@Z 1902a910 f   mv_main.obj
 0002:00010b90       ?cmdWriteBitsFn@@YA_NPAVCConsoleElement@@ABV?$vector@V?$basic_string@_WU?$char_traits@_W@std@@V?$K2StringAllocator@_W@@@std@@V?$K2VectorAllocator@V?$basic_string@_WU?$char_traits@_W@std@@V?$K2StringAllocator@_W@@@std@@@@@@@Z 1902ab90 f   mv_main.obj
 0002:00010c00       ?AtoUI@@YAIABV?$basic_string@_WU?$char_traits@_W@std@@V?$K2StringAllocator@_W@@@std@@@Z 1902ac00 f i mv_main.obj
 0002:00010c30       ?cmdReadBitsFn@@YA_NPAVCConsoleElement@@ABV?$vector@V?$basic_string@_WU?$char_traits@_W@std@@V?$K2StringAllocator@_W@@@std@@V?$K2VectorAllocator@V?$basic_string@_WU?$char_traits@_W@std@@V?$K2StringAllocator@_W@@@std@@@@@@@Z 1902ac30 f   mv_main.obj
 0002:00010d30       ?cmdClearBitsFn@@YA_NPAVCConsoleElement@@ABV?$vector@V?$basic_string@_WU?$char_traits@_W@std@@V?$K2StringAllocator@_W@@@std@@V?$K2VectorAllocator@V?$basic_string@_WU?$char_traits@_W@std@@V?$K2StringAllocator@_W@@@std@@@@@@@Z 1902ad30 f   mv_main.obj
 0002:00010d60       ?Clear@CBufferBit@@UAEXXZ  1902ad60 f i mv_main.obj
 0002:00010db0       ?Clear@IBuffer@@UAEXXZ     1902adb0 f i mv_main.obj
 0002:00010df0       ?ClearFaults@IBuffer@@QAEXXZ 1902adf0 f i mv_main.obj
 0002:00010e20       ?cmdTestBitsFn@@YA_NPAVCConsoleElement@@ABV?$vector@V?$basic_string@_WU?$char_traits@_W@std@@V?$K2StringAllocator@_W@@@std@@V?$K2VectorAllocator@V?$basic_string@_WU?$char_traits@_W@std@@V?$K2StringAllocator@_W@@@std@@@@@@@Z 1902ae20 f   mv_main.obj
 0002:00011000       ??1?$vector@U?$pair@II@std@@V?$K2VectorAllocator@U?$pair@II@std@@@@@@QAE@XZ 1902b000 f i mv_main.obj
 0002:00011030       ?cmdTestDeltaPosFn@@YA_NPAVCConsoleElement@@ABV?$vector@V?$basic_string@_WU?$char_traits@_W@std@@V?$K2StringAllocator@_W@@@std@@V?$K2VectorAllocator@V?$basic_string@_WU?$char_traits@_W@std@@V?$K2StringAllocator@_W@@@std@@@@@@@Z 1902b030 f   mv_main.obj
 0002:00011330       ??1?$vector@FV?$K2VectorAllocator@F@@@@QAE@XZ 1902b330 f i mv_main.obj
 0002:00011360       ?cmdCalcCodesFn@@YA_NPAVCConsoleElement@@ABV?$vector@V?$basic_string@_WU?$char_traits@_W@std@@V?$K2StringAllocator@_W@@@std@@V?$K2VectorAllocator@V?$basic_string@_WU?$char_traits@_W@std@@V?$K2StringAllocator@_W@@@std@@@@@@@Z 1902b360 f   mv_main.obj
 0002:00012080       ??6CConsoleStream@@QAEAAV0@H@Z 1902c080 f i mv_main.obj
 0002:00012130       ?XtoW@@YA?AV?$basic_string@_WU?$char_traits@_W@std@@V?$K2StringAllocator@_W@@@std@@HHHH@Z 1902c130 f i mv_main.obj
 0002:00012180       ??6CConsole@@QAEAAVCConsoleStream@@H@Z 1902c180 f i mv_main.obj
 0002:000121b0       ??A?$vector@V?$basic_string@_WU?$char_traits@_W@std@@V?$K2StringAllocator@_W@@@std@@V?$K2VectorAllocator@V?$basic_string@_WU?$char_traits@_W@std@@V?$K2StringAllocator@_W@@@std@@@@@std@@QAEAAV?$basic_string@_WU?$char_traits@_W@std@@V?$K2StringAllocator@_W@@@1@I@Z 1902c1b0 f i mv_main.obj
 0002:000122d0       ??1?$vector@U?$pair@HH@std@@V?$K2VectorAllocator@U?$pair@HH@std@@@@@@QAE@XZ 1902c2d0 f i mv_main.obj
 0002:00012300       ??1?$_Vector_iterator@U?$pair@HH@std@@V?$K2VectorAllocator@U?$pair@HH@std@@@@@std@@QAE@XZ 1902c300 f i mv_main.obj
 0002:00012330       ??4?$vector@U?$pair@HH@std@@V?$K2VectorAllocator@U?$pair@HH@std@@@@@@QAEAAV0@ABV0@@Z 1902c330 f i mv_main.obj
 0002:00012360       ??1?$_Vector_const_iterator@U?$pair@HH@std@@V?$K2VectorAllocator@U?$pair@HH@std@@@@@std@@QAE@XZ 1902c360 f i mv_main.obj
 0002:00012390       ??1?$_Ranit@U?$pair@HH@std@@HPBU12@ABU12@@std@@QAE@XZ 1902c390 f i mv_main.obj
 0002:000123c0       ?cmdTestTransmitFlagsFn@@YA_NPAVCConsoleElement@@ABV?$vector@V?$basic_string@_WU?$char_traits@_W@std@@V?$K2StringAllocator@_W@@@std@@V?$K2VectorAllocator@V?$basic_string@_WU?$char_traits@_W@std@@V?$K2StringAllocator@_W@@@std@@@@@@@Z 1902c3c0 f   mv_main.obj
 0002:00012640       ?K2_SetVectorBit@@YAXQAEI@Z 1902c640 f i mv_main.obj
 0002:00012690       ?K2_SetTreeBit@@YAXQAEII@Z 1902c690 f i mv_main.obj
 0002:00012700       ?K2_SetTreeBits@@YAXQAEI@Z 1902c700 f i mv_main.obj
 0002:000127c0       ?cmdRegisterCursorFn@@YA_NPAVCConsoleElement@@ABV?$vector@V?$basic_string@_WU?$char_traits@_W@std@@V?$K2StringAllocator@_W@@@std@@V?$K2VectorAllocator@V?$basic_string@_WU?$char_traits@_W@std@@V?$K2StringAllocator@_W@@@std@@@@@@@Z 1902c7c0 f   mv_main.obj
 0002:00012840       ?cmdLoadAllModelsFn@@YA_NPAVCConsoleElement@@ABV?$vector@V?$basic_string@_WU?$char_traits@_W@std@@V?$K2StringAllocator@_W@@@std@@V?$K2VectorAllocator@V?$basic_string@_WU?$char_traits@_W@std@@V?$K2StringAllocator@_W@@@std@@@@@@@Z 1902c840 f   mv_main.obj
 0002:00012a20       ?cmdConvertTexturesTGAFn@@YA_NPAVCConsoleElement@@ABV?$vector@V?$basic_string@_WU?$char_traits@_W@std@@V?$K2StringAllocator@_W@@@std@@V?$K2VectorAllocator@V?$basic_string@_WU?$char_traits@_W@std@@V?$K2StringAllocator@_W@@@std@@@@@@@Z 1902ca20 f   mv_main.obj
 0002:00012ca0       ?cmdFixTexturesFn@@YA_NPAVCConsoleElement@@ABV?$vector@V?$basic_string@_WU?$char_traits@_W@std@@V?$K2StringAllocator@_W@@@std@@V?$K2VectorAllocator@V?$basic_string@_WU?$char_traits@_W@std@@V?$K2StringAllocator@_W@@@std@@@@@@@Z 1902cca0 f   mv_main.obj
 0002:00012f30       ??0?$vector@HV?$K2VectorAllocator@H@@@@QAE@XZ 1902cf30 f i mv_main.obj
 0002:00012f60       ??1?$vector@HV?$K2VectorAllocator@H@@@std@@QAE@XZ 1902cf60 f i mv_main.obj
 0002:00012fe0       ?push_back@?$vector@HV?$K2VectorAllocator@H@@@std@@QAEXABH@Z 1902cfe0 f i mv_main.obj
 0002:00013090       ?begin@?$vector@V?$basic_string@_WU?$char_traits@_W@std@@V?$K2StringAllocator@_W@@@std@@V?$K2VectorAllocator@V?$basic_string@_WU?$char_traits@_W@std@@V?$K2StringAllocator@_W@@@std@@@@@std@@QBE?AV?$_Vector_const_iterator@V?$basic_string@_WU?$char_traits@_W@std@@V?$K2StringAllocator@_W@@@std@@V?$K2VectorAllocator@V?$basic_string@_WU?$char_traits@_W@std@@V?$K2StringAllocator@_W@@@std@@@@@2@XZ 1902d090 f i mv_main.obj
 0002:000130e0       ?find_first_of@?$basic_string@_WU?$char_traits@_W@std@@V?$K2StringAllocator@_W@@@std@@QBEIPB_WI@Z 1902d0e0 f i mv_main.obj
 0002:00013120       ?substr@?$basic_string@_WU?$char_traits@_W@std@@V?$K2StringAllocator@_W@@@std@@QBE?AV12@II@Z 1902d120 f i mv_main.obj
 0002:00013170       ??0?$vector@V?$basic_string@_WU?$char_traits@_W@std@@V?$K2StringAllocator@_W@@@std@@V?$K2VectorAllocator@V?$basic_string@_WU?$char_traits@_W@std@@V?$K2StringAllocator@_W@@@std@@@@@std@@QAE@XZ 1902d170 f i mv_main.obj
 0002:00013200       ?end@?$vector@V?$basic_string@_WU?$char_traits@_W@std@@V?$K2StringAllocator@_W@@@std@@V?$K2VectorAllocator@V?$basic_string@_WU?$char_traits@_W@std@@V?$K2StringAllocator@_W@@@std@@@@@std@@QBE?AV?$_Vector_const_iterator@V?$basic_string@_WU?$char_traits@_W@std@@V?$K2StringAllocator@_W@@@std@@V?$K2VectorAllocator@V?$basic_string@_WU?$char_traits@_W@std@@V?$K2StringAllocator@_W@@@std@@@@@2@XZ 1902d200 f i mv_main.obj
 0002:00013250       ??D?$_Vector_iterator@V?$basic_string@_WU?$char_traits@_W@std@@V?$K2StringAllocator@_W@@@std@@V?$K2VectorAllocator@V?$basic_string@_WU?$char_traits@_W@std@@V?$K2StringAllocator@_W@@@std@@@@@std@@QBEAAV?$basic_string@_WU?$char_traits@_W@std@@V?$K2StringAllocator@_W@@@1@XZ 1902d250 f i mv_main.obj
 0002:00013280       ??E?$_Vector_iterator@V?$basic_string@_WU?$char_traits@_W@std@@V?$K2StringAllocator@_W@@@std@@V?$K2VectorAllocator@V?$basic_string@_WU?$char_traits@_W@std@@V?$K2StringAllocator@_W@@@std@@@@@std@@QAEAAV01@XZ 1902d280 f i mv_main.obj
 0002:000132b0       ??E?$_Vector_const_iterator@V?$basic_string@_WU?$char_traits@_W@std@@V?$K2StringAllocator@_W@@@std@@V?$K2VectorAllocator@V?$basic_string@_WU?$char_traits@_W@std@@V?$K2StringAllocator@_W@@@std@@@@@std@@QAEAAV01@XZ 1902d2b0 f i mv_main.obj
 0002:000133a0       ?_Buy@?$vector@V?$basic_string@_WU?$char_traits@_W@std@@V?$K2StringAllocator@_W@@@std@@V?$K2VectorAllocator@V?$basic_string@_WU?$char_traits@_W@std@@V?$K2StringAllocator@_W@@@std@@@@@std@@IAE_NI@Z 1902d3a0 f i mv_main.obj
 0002:00013450       ?_Tidy@?$vector@V?$basic_string@_WU?$char_traits@_W@std@@V?$K2StringAllocator@_W@@@std@@V?$K2VectorAllocator@V?$basic_string@_WU?$char_traits@_W@std@@V?$K2StringAllocator@_W@@@std@@@@@std@@IAEXXZ 1902d450 f i mv_main.obj
 0002:000134f0       ?_Destroy@?$vector@V?$basic_string@_WU?$char_traits@_W@std@@V?$K2StringAllocator@_W@@@std@@V?$K2VectorAllocator@V?$basic_string@_WU?$char_traits@_W@std@@V?$K2StringAllocator@_W@@@std@@@@@std@@IAEXPAV?$basic_string@_WU?$char_traits@_W@std@@V?$K2StringAllocator@_W@@@2@0@Z 1902d4f0 f i mv_main.obj
 0002:00013530       ??1?$K2VectorAllocator@V?$basic_string@_WU?$char_traits@_W@std@@V?$K2StringAllocator@_W@@@std@@@@QAE@XZ 1902d530 f i mv_main.obj
 0002:00013550       ?deallocate@?$K2VectorAllocator@V?$basic_string@_WU?$char_traits@_W@std@@V?$K2StringAllocator@_W@@@std@@@@QAEXPAV?$basic_string@_WU?$char_traits@_W@std@@V?$K2StringAllocator@_W@@@std@@I@Z 1902d550 f i mv_main.obj
 0002:00013590       ??4?$CCvar@HH@@QAEHABH@Z   1902d590 f i mv_main.obj
 0002:000135e0       ??E?$CCvar@HH@@QAEHXZ      1902d5e0 f i mv_main.obj
 0002:00013630       ??B?$CCvar@HH@@QBEHXZ      1902d630 f i mv_main.obj
 0002:00013660       ??4?$CCvar@MM@@QAEMABM@Z   1902d660 f i mv_main.obj
 0002:000136b0       ??Y?$CCvar@MM@@QAEMABM@Z   1902d6b0 f i mv_main.obj
 0002:00013700       ??Z?$CCvar@MM@@QAEMABM@Z   1902d700 f i mv_main.obj
 0002:00013750       ??B?$CCvar@MM@@QBEMXZ      1902d750 f i mv_main.obj
 0002:00013780       ??B?$CCvar@_N_N@@QBE_NXZ   1902d780 f i mv_main.obj
 0002:000137b0       ??B?$CCvar@V?$CVec3@M@@M@@QBE?AV?$CVec3@M@@XZ 1902d7b0 f i mv_main.obj
 0002:000137f0       ??A?$CCvar@V?$CVec4@M@@M@@QAEAAMH@Z 1902d7f0 f i mv_main.obj
 0002:00013830       ??B?$CCvar@V?$CVec4@M@@M@@QBE?AV?$CVec4@M@@XZ 1902d830 f i mv_main.obj
 0002:00013880       ?assign@?$basic_string@_WU?$char_traits@_W@std@@V?$K2StringAllocator@_W@@@std@@QAEAAV12@ABV12@@Z 1902d880 f i mv_main.obj
 0002:000138c0       ?begin@?$_Tree@V?$_Tmap_traits@V?$basic_string@_WU?$char_traits@_W@std@@V?$K2StringAllocator@_W@@@std@@PAVIEffectInstance@@U?$less@V?$basic_string@_WU?$char_traits@_W@std@@V?$K2StringAllocator@_W@@@std@@@2@V?$K2MapAllocator@U?$pair@$$CBV?$basic_string@_WU?$char_traits@_W@std@@V?$K2StringAllocator@_W@@@std@@PAVIEffectInstance@@@std@@@@$0A@@std@@@std@@QBE?AVconst_iterator@12@XZ 1902d8c0 f i mv_main.obj
 0002:00013910       ?end@?$_Tree@V?$_Tmap_traits@V?$basic_string@_WU?$char_traits@_W@std@@V?$K2StringAllocator@_W@@@std@@PAVIEffectInstance@@U?$less@V?$basic_string@_WU?$char_traits@_W@std@@V?$K2StringAllocator@_W@@@std@@@2@V?$K2MapAllocator@U?$pair@$$CBV?$basic_string@_WU?$char_traits@_W@std@@V?$K2StringAllocator@_W@@@std@@PAVIEffectInstance@@@std@@@@$0A@@std@@@std@@QBE?AVconst_iterator@12@XZ 1902d910 f i mv_main.obj
 0002:00013960       ??0?$_String_val@_WV?$K2StringAllocator@_W@@@std@@QAE@ABV01@@Z 1902d960 f i mv_main.obj
 0002:00013a00       ??0?$_Vector_iterator@V?$basic_string@_WU?$char_traits@_W@std@@V?$K2StringAllocator@_W@@@std@@V?$K2VectorAllocator@V?$basic_string@_WU?$char_traits@_W@std@@V?$K2StringAllocator@_W@@@std@@@@@std@@QAE@PAV?$basic_string@_WU?$char_traits@_W@std@@V?$K2StringAllocator@_W@@@1@PBV_Container_base@1@@Z 1902da00 f i mv_main.obj
 0002:00013a40       ??D?$_Vector_const_iterator@V?$basic_string@_WU?$char_traits@_W@std@@V?$K2StringAllocator@_W@@@std@@V?$K2VectorAllocator@V?$basic_string@_WU?$char_traits@_W@std@@V?$K2StringAllocator@_W@@@std@@@@@std@@QBEABV?$basic_string@_WU?$char_traits@_W@std@@V?$K2StringAllocator@_W@@@1@XZ 1902da40 f i mv_main.obj
 0002:00013b00       ??0?$vector@U?$pair@II@std@@V?$K2VectorAllocator@U?$pair@II@std@@@@@@QAE@I@Z 1902db00 f i mv_main.obj
 0002:00013b30       ??1?$vector@U?$pair@II@std@@V?$K2VectorAllocator@U?$pair@II@std@@@@@std@@QAE@XZ 1902db30 f i mv_main.obj
 0002:00013bb0       ??A?$vector@U?$pair@II@std@@V?$K2VectorAllocator@U?$pair@II@std@@@@@std@@QAEAAU?$pair@II@1@I@Z 1902dbb0 f i mv_main.obj
 0002:00013cd0       ??0?$vector@U?$pair@HH@std@@V?$K2VectorAllocator@U?$pair@HH@std@@@@@@QAE@XZ 1902dcd0 f i mv_main.obj
 0002:00013d00       ??1?$vector@U?$pair@HH@std@@V?$K2VectorAllocator@U?$pair@HH@std@@@@@std@@QAE@XZ 1902dd00 f i mv_main.obj
 0002:00013d80       ??4?$vector@U?$pair@HH@std@@V?$K2VectorAllocator@U?$pair@HH@std@@@@@std@@QAEAAV01@ABV01@@Z 1902dd80 f i mv_main.obj
 0002:00013f70       ?begin@?$vector@U?$pair@HH@std@@V?$K2VectorAllocator@U?$pair@HH@std@@@@@std@@QAE?AV?$_Vector_iterator@U?$pair@HH@std@@V?$K2VectorAllocator@U?$pair@HH@std@@@@@2@XZ 1902df70 f i mv_main.obj
 0002:00013fc0       ?end@?$vector@U?$pair@HH@std@@V?$K2VectorAllocator@U?$pair@HH@std@@@@@std@@QAE?AV?$_Vector_iterator@U?$pair@HH@std@@V?$K2VectorAllocator@U?$pair@HH@std@@@@@2@XZ 1902dfc0 f i mv_main.obj
 0002:00014010       ??A?$vector@U?$pair@HH@std@@V?$K2VectorAllocator@U?$pair@HH@std@@@@@std@@QAEAAU?$pair@HH@1@I@Z 1902e010 f i mv_main.obj
 0002:00014130       ?push_back@?$vector@U?$pair@HH@std@@V?$K2VectorAllocator@U?$pair@HH@std@@@@@std@@QAEXABU?$pair@HH@2@@Z 1902e130 f i mv_main.obj
 0002:000141e0       ?empty@?$deque@PAVIWorldComponent@@V?$K2DequeAllocator@PAVIWorldComponent@@@@@std@@QBE_NXZ 1902e1e0 f i mv_main.obj
 0002:00014210       ?GetWidth@?$CRect@M@@QBEMXZ 1902e210 f i mv_main.obj
 0002:00014240       ?GetHeight@?$CRect@M@@QBEMXZ 1902e240 f i mv_main.obj
 0002:00014270       ??B?$CInputState@_N@@QBE_NXZ 1902e270 f i mv_main.obj
 0002:00014290       ?max_size@?$vector@V?$basic_string@_WU?$char_traits@_W@std@@V?$K2StringAllocator@_W@@@std@@V?$K2VectorAllocator@V?$basic_string@_WU?$char_traits@_W@std@@V?$K2StringAllocator@_W@@@std@@@@@std@@QBEIXZ 1902e290 f i mv_main.obj
 0002:000142c0       ?_Xlen@?$vector@V?$basic_string@_WU?$char_traits@_W@std@@V?$K2StringAllocator@_W@@@std@@V?$K2VectorAllocator@V?$basic_string@_WU?$char_traits@_W@std@@V?$K2StringAllocator@_W@@@std@@@@@std@@KAXXZ 1902e2c0 f i mv_main.obj
 0002:00014370       ??0length_error@std@@QAE@ABV?$basic_string@DU?$char_traits@D@std@@V?$allocator@D@2@@1@@Z 1902e370 f i mv_main.obj
 0002:000143b0       ??0logic_error@std@@QAE@ABV?$basic_string@DU?$char_traits@D@std@@V?$allocator@D@2@@1@@Z 1902e3b0 f i mv_main.obj
 0002:00014440       ?what@logic_error@std@@UBEPBDXZ 1902e440 f i mv_main.obj
 0002:00014470       ??_Glogic_error@std@@UAEPAXI@Z 1902e470 f i mv_main.obj
 0002:00014470       ??_Elogic_error@std@@UAEPAXI@Z 1902e470 f i mv_main.obj
 0002:000144c0       ??1logic_error@std@@UAE@XZ 1902e4c0 f i mv_main.obj
 0002:00014500       ??1length_error@std@@UAE@XZ 1902e500 f i mv_main.obj
 0002:00014530       ??_Elength_error@std@@UAEPAXI@Z 1902e530 f i mv_main.obj
 0002:00014530       ??_Glength_error@std@@UAEPAXI@Z 1902e530 f i mv_main.obj
 0002:00014580       ??0logic_error@std@@QAE@ABV01@@Z 1902e580 f i mv_main.obj
 0002:00014620       ?begin@?$vector@USAnimEventCmd@@V?$K2VectorAllocator@USAnimEventCmd@@@@@std@@QBE?AV?$_Vector_const_iterator@USAnimEventCmd@@V?$K2VectorAllocator@USAnimEventCmd@@@@@2@XZ 1902e620 f i mv_main.obj
 0002:00014670       ??0?$_Vector_val@V?$basic_string@_WU?$char_traits@_W@std@@V?$K2StringAllocator@_W@@@std@@V?$K2VectorAllocator@V?$basic_string@_WU?$char_traits@_W@std@@V?$K2StringAllocator@_W@@@std@@@@@std@@IAE@V?$K2VectorAllocator@V?$basic_string@_WU?$char_traits@_W@std@@V?$K2StringAllocator@_W@@@std@@@@@Z 1902e670 f i mv_main.obj
 0002:00014710       ?end@?$vector@USAnimEventCmd@@V?$K2VectorAllocator@USAnimEventCmd@@@@@std@@QBE?AV?$_Vector_const_iterator@USAnimEventCmd@@V?$K2VectorAllocator@USAnimEventCmd@@@@@2@XZ 1902e710 f i mv_main.obj
 0002:00014760       ??0?$K2VectorAllocator@V?$basic_string@_WU?$char_traits@_W@std@@V?$K2StringAllocator@_W@@@std@@@@QAE@XZ 1902e760 f i mv_main.obj
 0002:00014790       ?allocate@?$K2VectorAllocator@V?$basic_string@_WU?$char_traits@_W@std@@V?$K2StringAllocator@_W@@@std@@@@QAEPAV?$basic_string@_WU?$char_traits@_W@std@@V?$K2StringAllocator@_W@@@std@@I@Z 1902e790 f i mv_main.obj
 0002:000147e0       ??A?$vector@PAVCUIScriptToken@@V?$K2VectorAllocator@PAVCUIScriptToken@@@@@std@@QBEABQAVCUIScriptToken@@I@Z 1902e7e0 f i mv_main.obj
 0002:00014900       ?size@?$vector@PAVCUIScriptToken@@V?$K2VectorAllocator@PAVCUIScriptToken@@@@@std@@QBEIXZ 1902e900 f i mv_main.obj
 0002:00014950       ??0?$_Vector_const_iterator@V?$basic_string@_WU?$char_traits@_W@std@@V?$K2StringAllocator@_W@@@std@@V?$K2VectorAllocator@V?$basic_string@_WU?$char_traits@_W@std@@V?$K2StringAllocator@_W@@@std@@@@@std@@QAE@PAV?$basic_string@_WU?$char_traits@_W@std@@V?$K2StringAllocator@_W@@@1@PBV_Container_base@1@@Z 1902e950 f i mv_main.obj
 0002:00014a50       ?_Adopt@_Iterator_base@std@@QAEXPBV_Container_base@2@@Z 1902ea50 f i mv_main.obj
 0002:00014b20       ??9?$_Vector_const_iterator@V?$basic_string@_WU?$char_traits@_W@std@@V?$K2StringAllocator@_W@@@std@@V?$K2VectorAllocator@V?$basic_string@_WU?$char_traits@_W@std@@V?$K2StringAllocator@_W@@@std@@@@@std@@QBE_NABV01@@Z 1902eb20 f i mv_main.obj
 0002:00014b60       ??C?$_Vector_const_iterator@USAnimEventCmd@@V?$K2VectorAllocator@USAnimEventCmd@@@@@std@@QBEPBUSAnimEventCmd@@XZ 1902eb60 f i mv_main.obj
 0002:00014b90       ??E?$_Vector_const_iterator@USAnimEventCmd@@V?$K2VectorAllocator@USAnimEventCmd@@@@@std@@QAEAAV01@XZ 1902eb90 f i mv_main.obj
 0002:00014c80       ??9?$_Vector_const_iterator@USAnimEventCmd@@V?$K2VectorAllocator@USAnimEventCmd@@@@@std@@QBE_NABV01@@Z 1902ec80 f i mv_main.obj
 0002:00014cc0       ??Cconst_iterator@?$_Tree@V?$_Tmap_traits@V?$basic_string@_WU?$char_traits@_W@std@@V?$K2StringAllocator@_W@@@std@@PAVIEffectInstance@@U?$less@V?$basic_string@_WU?$char_traits@_W@std@@V?$K2StringAllocator@_W@@@std@@@2@V?$K2MapAllocator@U?$pair@$$CBV?$basic_string@_WU?$char_traits@_W@std@@V?$K2StringAllocator@_W@@@std@@PAVIEffectInstance@@@std@@@@$0A@@std@@@std@@QBEPBU?$pair@$$CBV?$basic_string@_WU?$char_traits@_W@std@@V?$K2StringAllocator@_W@@@std@@PAVIEffectInstance@@@2@XZ 1902ecc0 f i mv_main.obj
 0002:00014cf0       ??Econst_iterator@?$_Tree@V?$_Tmap_traits@V?$basic_string@_WU?$char_traits@_W@std@@V?$K2StringAllocator@_W@@@std@@PAVIEffectInstance@@U?$less@V?$basic_string@_WU?$char_traits@_W@std@@V?$K2StringAllocator@_W@@@std@@@2@V?$K2MapAllocator@U?$pair@$$CBV?$basic_string@_WU?$char_traits@_W@std@@V?$K2StringAllocator@_W@@@std@@PAVIEffectInstance@@@std@@@@$0A@@std@@@std@@QAEAAV012@XZ 1902ecf0 f i mv_main.obj
 0002:00014d20       ??9const_iterator@?$_Tree@V?$_Tmap_traits@V?$basic_string@_WU?$char_traits@_W@std@@V?$K2StringAllocator@_W@@@std@@PAVIEffectInstance@@U?$less@V?$basic_string@_WU?$char_traits@_W@std@@V?$K2StringAllocator@_W@@@std@@@2@V?$K2MapAllocator@U?$pair@$$CBV?$basic_string@_WU?$char_traits@_W@std@@V?$K2StringAllocator@_W@@@std@@PAVIEffectInstance@@@std@@@@$0A@@std@@@std@@QBE_NABV012@@Z 1902ed20 f i mv_main.obj
 0002:00014d60       ??0?$pair@II@std@@QAE@ABI0@Z 1902ed60 f i mv_main.obj
 0002:00014da0       ??0?$vector@FV?$K2VectorAllocator@F@@@@QAE@I@Z 1902eda0 f i mv_main.obj
 0002:00014dd0       ??1?$vector@FV?$K2VectorAllocator@F@@@std@@QAE@XZ 1902edd0 f i mv_main.obj
 0002:00014e50       ??A?$vector@FV?$K2VectorAllocator@F@@@std@@QAEAAFI@Z 1902ee50 f i mv_main.obj
 0002:00014f70       ??0?$pair@HH@std@@QAE@XZ   1902ef70 f i mv_main.obj
 0002:00014fb0       ??0?$pair@HH@std@@QAE@ABH0@Z 1902efb0 f i mv_main.obj
 0002:00014ff0       ??C?$_Vector_iterator@U?$pair@HH@std@@V?$K2VectorAllocator@U?$pair@HH@std@@@@@std@@QBEPAU?$pair@HH@1@XZ 1902eff0 f i mv_main.obj
 0002:00015020       ??E?$_Vector_iterator@U?$pair@HH@std@@V?$K2VectorAllocator@U?$pair@HH@std@@@@@std@@QAEAAV01@XZ 1902f020 f i mv_main.obj
 0002:00015050       ??H?$_Vector_iterator@U?$pair@HH@std@@V?$K2VectorAllocator@U?$pair@HH@std@@@@@std@@QBE?AV01@H@Z 1902f050 f i mv_main.obj
 0002:00015100       ??9?$_Vector_const_iterator@U?$pair@HH@std@@V?$K2VectorAllocator@U?$pair@HH@std@@@@@std@@QBE_NABV01@@Z 1902f100 f i mv_main.obj
 0002:00015140       ??1?$_Vector_val@HV?$K2VectorAllocator@H@@@std@@QAE@XZ 1902f140 f i mv_main.obj
 0002:000151c0       ??1?$_Vector_iterator@HV?$K2VectorAllocator@H@@@std@@QAE@XZ 1902f1c0 f i mv_main.obj
 0002:000151f0       ??1?$_Vector_val@U?$pair@II@std@@V?$K2VectorAllocator@U?$pair@II@std@@@@@std@@QAE@XZ 1902f1f0 f i mv_main.obj
 0002:00015270       ??1?$_Vector_val@U?$pair@HH@std@@V?$K2VectorAllocator@U?$pair@HH@std@@@@@std@@QAE@XZ 1902f270 f i mv_main.obj
 0002:000152f0       ??1?$_Vector_val@FV?$K2VectorAllocator@F@@@std@@QAE@XZ 1902f2f0 f i mv_main.obj
 0002:00015370       ??0?$_Vector_iterator@U?$pair@HH@std@@V?$K2VectorAllocator@U?$pair@HH@std@@@@@std@@QAE@ABV01@@Z 1902f370 f i mv_main.obj
 0002:000153a0       ??1?$_Vector_const_iterator@HV?$K2VectorAllocator@H@@@std@@QAE@XZ 1902f3a0 f i mv_main.obj
 0002:000153d0       ??0length_error@std@@QAE@ABV01@@Z 1902f3d0 f i mv_main.obj
 0002:00015410       ??0?$_Ranit@V?$basic_string@_WU?$char_traits@_W@std@@V?$K2StringAllocator@_W@@@std@@HPBV12@ABV12@@std@@QAE@XZ 1902f410 f i mv_main.obj
 0002:00015440       ??0_Iterator_base@std@@QAE@XZ 1902f440 f i mv_main.obj
 0002:00015480       ??0?$_Vector_const_iterator@U?$pair@HH@std@@V?$K2VectorAllocator@U?$pair@HH@std@@@@@std@@QAE@ABV01@@Z 1902f480 f i mv_main.obj
 0002:000154c0       ??1?$_Ranit@HHPBHABH@std@@QAE@XZ 1902f4c0 f i mv_main.obj
 0002:000154f0       ??0?$K2VectorAllocator@V?$basic_string@_WU?$char_traits@_W@std@@V?$K2StringAllocator@_W@@@std@@@@QAE@ABV0@@Z 1902f4f0 f i mv_main.obj
 0002:00015520       ??0?$allocator@V?$basic_string@_WU?$char_traits@_W@std@@V?$K2StringAllocator@_W@@@std@@@std@@QAE@XZ 1902f520 f i mv_main.obj
 0002:00015540       ?max_size@?$allocator@V?$basic_string@_WU?$char_traits@_W@std@@V?$K2StringAllocator@_W@@@std@@@std@@QBEIXZ 1902f540 f i mv_main.obj
 0002:00015580       ??0?$_Ranit@U?$pair@HH@std@@HPBU12@ABU12@@std@@QAE@ABU01@@Z 1902f580 f i mv_main.obj
 0002:000155b0       ??0_Iterator_base@std@@QAE@ABV01@@Z 1902f5b0 f i mv_main.obj
 0002:00015600       ??4_Iterator_base@std@@QAEAAV01@ABV01@@Z 1902f600 f i mv_main.obj
 0002:000156b0       ??0?$vector@HV?$K2VectorAllocator@H@@@std@@QAE@XZ 1902f6b0 f i mv_main.obj
 0002:00015740       ?capacity@?$vector@HV?$K2VectorAllocator@H@@@std@@QBEIXZ 1902f740 f i mv_main.obj
 0002:00015790       ?end@?$vector@HV?$K2VectorAllocator@H@@@std@@QAE?AV?$_Vector_iterator@HV?$K2VectorAllocator@H@@@2@XZ 1902f790 f i mv_main.obj
 0002:000157e0       ?size@?$vector@HV?$K2VectorAllocator@H@@@std@@QBEIXZ 1902f7e0 f i mv_main.obj
 0002:00015830       ?insert@?$vector@HV?$K2VectorAllocator@H@@@std@@QAE?AV?$_Vector_iterator@HV?$K2VectorAllocator@H@@@2@V32@ABH@Z 1902f830 f i mv_main.obj
 0002:000159a0       ?_Tidy@?$vector@HV?$K2VectorAllocator@H@@@std@@IAEXXZ 1902f9a0 f i mv_main.obj
 0002:00015a40       ?_Ufill@?$vector@HV?$K2VectorAllocator@H@@@std@@IAEPAHPAHIABH@Z 1902fa40 f i mv_main.obj
 0002:00015a90       ?_Orphan_range@?$vector@HV?$K2VectorAllocator@H@@@std@@IBEXPAH0@Z 1902fa90 f i mv_main.obj
 0002:00015b30       ??1?$K2VectorAllocator@H@@QAE@XZ 1902fb30 f i mv_main.obj
 0002:00015b50       ??8?$_Vector_const_iterator@V?$basic_string@_WU?$char_traits@_W@std@@V?$K2StringAllocator@_W@@@std@@V?$K2VectorAllocator@V?$basic_string@_WU?$char_traits@_W@std@@V?$K2StringAllocator@_W@@@std@@@@@std@@QBE_NABV01@@Z 1902fb50 f i mv_main.obj
 0002:00015b90       ?_Compat@?$_Vector_const_iterator@V?$basic_string@_WU?$char_traits@_W@std@@V?$K2StringAllocator@_W@@@std@@V?$K2VectorAllocator@V?$basic_string@_WU?$char_traits@_W@std@@V?$K2StringAllocator@_W@@@std@@@@@std@@QBEXABV12@@Z 1902fb90 f i mv_main.obj
 0002:00015c40       ??0?$basic_string@_WU?$char_traits@_W@std@@V?$K2StringAllocator@_W@@@std@@QAE@ABV01@II@Z 1902fc40 f i mv_main.obj
 0002:00015d00       ?find_first_of@?$basic_string@_WU?$char_traits@_W@std@@V?$K2StringAllocator@_W@@@std@@QBEIPB_WII@Z 1902fd00 f i mv_main.obj
 0002:00015dd0       ??0?$allocator@V?$basic_string@_WU?$char_traits@_W@std@@V?$K2StringAllocator@_W@@@std@@@std@@QAE@ABV01@@Z 1902fdd0 f i mv_main.obj
 0002:00015df0       ?_Lmost@?$_Tree@V?$_Tmap_traits@V?$basic_string@_WU?$char_traits@_W@std@@V?$K2StringAllocator@_W@@@std@@PAVIEffectInstance@@U?$less@V?$basic_string@_WU?$char_traits@_W@std@@V?$K2StringAllocator@_W@@@std@@@2@V?$K2MapAllocator@U?$pair@$$CBV?$basic_string@_WU?$char_traits@_W@std@@V?$K2StringAllocator@_W@@@std@@PAVIEffectInstance@@@std@@@@$0A@@std@@@std@@IBEAAPAU_Node@?$_Tree_nod@V?$_Tmap_traits@V?$basic_string@_WU?$char_traits@_W@std@@V?$K2StringAllocator@_W@@@std@@PAVIEffectInstance@@U?$less@V?$basic_string@_WU?$char_traits@_W@std@@V?$K2StringAllocator@_W@@@std@@@2@V?$K2MapAllocator@U?$pair@$$CBV?$basic_string@_WU?$char_traits@_W@std@@V?$K2StringAllocator@_W@@@std@@PAVIEffectInstance@@@std@@@@$0A@@std@@@2@XZ 1902fdf0 f i mv_main.obj
 0002:00015e20       ??0?$vector@U?$pair@II@std@@V?$K2VectorAllocator@U?$pair@II@std@@@@@std@@QAE@I@Z 1902fe20 f i mv_main.obj
 0002:00015ec0       ?size@?$vector@U?$pair@II@std@@V?$K2VectorAllocator@U?$pair@II@std@@@@@std@@QBEIXZ 1902fec0 f i mv_main.obj
 0002:00015f10       ?_Tidy@?$vector@U?$pair@II@std@@V?$K2VectorAllocator@U?$pair@II@std@@@@@std@@IAEXXZ 1902ff10 f i mv_main.obj
 0002:00015fb0       ??1?$K2VectorAllocator@U?$pair@II@std@@@@QAE@XZ 1902ffb0 f i mv_main.obj
 0002:00015fd0       ??$DotProduct@M@@YAMABV?$CVec3@M@@0@Z 1902ffd0 f i mv_main.obj
 0002:00016020       ??$Normalize@M@@YA?AV?$CVec3@M@@ABV0@@Z 19030020 f i mv_main.obj
 0002:00016110       ?sqrt@@YAMM@Z              19030110 f i mv_main.obj
 0002:00016140       _sqrtf                     19030140 f i mv_main.obj
 0002:00016170       ??0?$vector@U?$pair@HH@std@@V?$K2VectorAllocator@U?$pair@HH@std@@@@@std@@QAE@XZ 19030170 f i mv_main.obj
 0002:00016200       ?capacity@?$vector@U?$pair@HH@std@@V?$K2VectorAllocator@U?$pair@HH@std@@@@@std@@QBEIXZ 19030200 f i mv_main.obj
 0002:00016250       ?size@?$vector@U?$pair@HH@std@@V?$K2VectorAllocator@U?$pair@HH@std@@@@@std@@QBEIXZ 19030250 f i mv_main.obj
 0002:000162a0       ?insert@?$vector@U?$pair@HH@std@@V?$K2VectorAllocator@U?$pair@HH@std@@@@@std@@QAE?AV?$_Vector_iterator@U?$pair@HH@std@@V?$K2VectorAllocator@U?$pair@HH@std@@@@@2@V32@ABU?$pair@HH@2@@Z 190302a0 f i mv_main.obj
 0002:00016410       ??$_CompareNoCase@V?$basic_string@_WU?$char_traits@_W@std@@V?$K2StringAllocator@_W@@@std@@@@YAHABV?$basic_string@_WU?$char_traits@_W@std@@V?$K2StringAllocator@_W@@@std@@0@Z 19030410 f i mv_main.obj
 0002:000166d0       ??1?$_String_const_iterator@_WU?$char_traits@_W@std@@V?$K2StringAllocator@_W@@@std@@QAE@XZ 190306d0 f i mv_main.obj
 0002:00016700       ??1?$_Ranit_base@_WHPB_WAB_WV_Iterator_base@std@@@std@@QAE@XZ 19030700 f i mv_main.obj
 0002:00016730       ?begin@?$basic_string@_WU?$char_traits@_W@std@@V?$K2StringAllocator@_W@@@std@@QBE?AV?$_String_const_iterator@_WU?$char_traits@_W@std@@V?$K2StringAllocator@_W@@@2@XZ 19030730 f i mv_main.obj
 0002:00016780       ?end@?$basic_string@_WU?$char_traits@_W@std@@V?$K2StringAllocator@_W@@@std@@QBE?AV?$_String_const_iterator@_WU?$char_traits@_W@std@@V?$K2StringAllocator@_W@@@2@XZ 19030780 f i mv_main.obj
 0002:000167e0       ??D?$_String_const_iterator@_WU?$char_traits@_W@std@@V?$K2StringAllocator@_W@@@std@@QBEAB_WXZ 190307e0 f i mv_main.obj
 0002:000168c0       ??E?$_String_const_iterator@_WU?$char_traits@_W@std@@V?$K2StringAllocator@_W@@@std@@QAEAAV01@XZ 190308c0 f i mv_main.obj
 0002:000169e0       ??8?$_String_const_iterator@_WU?$char_traits@_W@std@@V?$K2StringAllocator@_W@@@std@@QBE_NABV01@@Z 190309e0 f i mv_main.obj
 0002:00016a20       ??9?$_String_const_iterator@_WU?$char_traits@_W@std@@V?$K2StringAllocator@_W@@@std@@QBE_NABV01@@Z 19030a20 f i mv_main.obj
 0002:00016a60       ??0?$_String_const_iterator@_WU?$char_traits@_W@std@@V?$K2StringAllocator@_W@@@std@@QAE@PB_WPBV_Container_base@1@@Z 19030a60 f i mv_main.obj
 0002:00016b80       ??0?$_Ranit_base@_WHPB_WAB_WV_Iterator_base@std@@@std@@QAE@XZ 19030b80 f i mv_main.obj
 0002:00016bb0       ?_Compat@?$_String_const_iterator@_WU?$char_traits@_W@std@@V?$K2StringAllocator@_W@@@std@@QBEXABV12@@Z 19030bb0 f i mv_main.obj
 0002:00016c60       ?clear@?$vector@U?$pair@HH@std@@V?$K2VectorAllocator@U?$pair@HH@std@@@@@std@@QAEXXZ 19030c60 f i mv_main.obj
 0002:00016d20       ?_Buy@?$vector@U?$pair@HH@std@@V?$K2VectorAllocator@U?$pair@HH@std@@@@@std@@IAE_NI@Z 19030d20 f i mv_main.obj
 0002:00016dd0       ??$?H_WU?$char_traits@_W@std@@V?$K2StringAllocator@_W@@@std@@YA?AV?$basic_string@_WU?$char_traits@_W@std@@V?$K2StringAllocator@_W@@@0@PB_WABV10@@Z 19030dd0 f i mv_main.obj
 0002:00016e80       ??Y?$basic_string@_WU?$char_traits@_W@std@@V?$K2StringAllocator@_W@@@std@@QAEAAV01@ABV01@@Z 19030e80 f i mv_main.obj
 0002:00016eb0       ?append@?$basic_string@_WU?$char_traits@_W@std@@V?$K2StringAllocator@_W@@@std@@QAEAAV12@ABV12@@Z 19030eb0 f i mv_main.obj
 0002:00016ef0       ?append@?$basic_string@_WU?$char_traits@_W@std@@V?$K2StringAllocator@_W@@@std@@QAEAAV12@ABV12@II@Z 19030ef0 f i mv_main.obj
 0002:00017010       ??$?H_WU?$char_traits@_W@std@@V?$K2StringAllocator@_W@@@std@@YA?AV?$basic_string@_WU?$char_traits@_W@std@@V?$K2StringAllocator@_W@@@0@ABV10@PB_W@Z 19031010 f i mv_main.obj
 0002:000170c0       ??Y?$basic_string@_WU?$char_traits@_W@std@@V?$K2StringAllocator@_W@@@std@@QAEAAV01@PB_W@Z 190310c0 f i mv_main.obj
 0002:000170f0       ?append@?$basic_string@_WU?$char_traits@_W@std@@V?$K2StringAllocator@_W@@@std@@QAEAAV12@PB_W@Z 190310f0 f i mv_main.obj
 0002:00017130       ?_Destroy@?$vector@U?$pair@HH@std@@V?$K2VectorAllocator@U?$pair@HH@std@@@@@std@@IAEXPAU?$pair@HH@2@0@Z 19031130 f i mv_main.obj
 0002:00017170       ?_Tidy@?$vector@U?$pair@HH@std@@V?$K2VectorAllocator@U?$pair@HH@std@@@@@std@@IAEXXZ 19031170 f i mv_main.obj
 0002:00017210       ?_Ufill@?$vector@U?$pair@HH@std@@V?$K2VectorAllocator@U?$pair@HH@std@@@@@std@@IAEPAU?$pair@HH@2@PAU32@IABU32@@Z 19031210 f i mv_main.obj
 0002:00017260       ?_Orphan_range@?$vector@U?$pair@HH@std@@V?$K2VectorAllocator@U?$pair@HH@std@@@@@std@@IBEXPAU?$pair@HH@2@0@Z 19031260 f i mv_main.obj
 0002:00017300       ??1?$K2VectorAllocator@U?$pair@HH@std@@@@QAE@XZ 19031300 f i mv_main.obj
 0002:00017320       ?deallocate@?$K2VectorAllocator@U?$pair@HH@std@@@@QAEXPAU?$pair@HH@std@@I@Z 19031320 f i mv_main.obj
 0002:00017360       ??$_ItoW@H@@YA?AV?$basic_string@_WU?$char_traits@_W@std@@V?$K2StringAllocator@_W@@@std@@HHHH@Z 19031360 f i mv_main.obj
 0002:00017460       ??$_UItoW@I@@YA?AV?$basic_string@_WU?$char_traits@_W@std@@V?$K2StringAllocator@_W@@@std@@IHHH@Z 19031460 f i mv_main.obj
 0002:00017540       ??$?H_WU?$char_traits@_W@std@@V?$K2StringAllocator@_W@@@std@@YA?AV?$basic_string@_WU?$char_traits@_W@std@@V?$K2StringAllocator@_W@@@0@ABV10@0@Z 19031540 f i mv_main.obj
 0002:000175f0       ??$?9_WU?$char_traits@_W@std@@V?$K2StringAllocator@_W@@@std@@YA_NABV?$basic_string@_WU?$char_traits@_W@std@@V?$K2StringAllocator@_W@@@0@0@Z 190315f0 f i mv_main.obj
 0002:00017630       ??$?8_WU?$char_traits@_W@std@@V?$K2StringAllocator@_W@@@std@@YA_NABV?$basic_string@_WU?$char_traits@_W@std@@V?$K2StringAllocator@_W@@@0@0@Z 19031630 f i mv_main.obj
 0002:00017660       ?compare@?$basic_string@_WU?$char_traits@_W@std@@V?$K2StringAllocator@_W@@@std@@QBEHABV12@@Z 19031660 f i mv_main.obj
 0002:000176b0       ?compare@?$basic_string@_WU?$char_traits@_W@std@@V?$K2StringAllocator@_W@@@std@@QBEHIIPB_WI@Z 190316b0 f i mv_main.obj
 0002:000177b0       ??$_Destroy_range@V?$basic_string@_WU?$char_traits@_W@std@@V?$K2StringAllocator@_W@@@std@@V?$K2VectorAllocator@V?$basic_string@_WU?$char_traits@_W@std@@V?$K2StringAllocator@_W@@@std@@@@@std@@YAXPAV?$basic_string@_WU?$char_traits@_W@std@@V?$K2StringAllocator@_W@@@0@0AAV?$K2VectorAllocator@V?$basic_string@_WU?$char_traits@_W@std@@V?$K2StringAllocator@_W@@@std@@@@@Z 190317b0 f i mv_main.obj
 0002:00017800       ??0?$_Vector_const_iterator@USAnimEventCmd@@V?$K2VectorAllocator@USAnimEventCmd@@@@@std@@QAE@PAUSAnimEventCmd@@PBV_Container_base@1@@Z 19031800 f i mv_main.obj
 0002:00017900       ??D?$_Vector_const_iterator@USAnimEventCmd@@V?$K2VectorAllocator@USAnimEventCmd@@@@@std@@QBEABUSAnimEventCmd@@XZ 19031900 f i mv_main.obj
 0002:000179c0       ??8?$_Vector_const_iterator@USAnimEventCmd@@V?$K2VectorAllocator@USAnimEventCmd@@@@@std@@QBE_NABV01@@Z 190319c0 f i mv_main.obj
 0002:00017a00       ??0const_iterator@?$_Tree@V?$_Tmap_traits@V?$basic_string@_WU?$char_traits@_W@std@@V?$K2StringAllocator@_W@@@std@@PAVIEffectInstance@@U?$less@V?$basic_string@_WU?$char_traits@_W@std@@V?$K2StringAllocator@_W@@@std@@@2@V?$K2MapAllocator@U?$pair@$$CBV?$basic_string@_WU?$char_traits@_W@std@@V?$K2StringAllocator@_W@@@std@@PAVIEffectInstance@@@std@@@@$0A@@std@@@std@@QAE@PAU_Node@?$_Tree_nod@V?$_Tmap_traits@V?$basic_string@_WU?$char_traits@_W@std@@V?$K2StringAllocator@_W@@@std@@PAVIEffectInstance@@U?$less@V?$basic_string@_WU?$char_traits@_W@std@@V?$K2StringAllocator@_W@@@std@@@2@V?$K2MapAllocator@U?$pair@$$CBV?$basic_string@_WU?$char_traits@_W@std@@V?$K2StringAllocator@_W@@@std@@PAVIEffectInstance@@@std@@@@$0A@@std@@@2@PBV12@@Z 19031a00 f i mv_main.obj
 0002:00017a90       ??Dconst_iterator@?$_Tree@V?$_Tmap_traits@V?$basic_string@_WU?$char_traits@_W@std@@V?$K2StringAllocator@_W@@@std@@PAVIEffectInstance@@U?$less@V?$basic_string@_WU?$char_traits@_W@std@@V?$K2StringAllocator@_W@@@std@@@2@V?$K2MapAllocator@U?$pair@$$CBV?$basic_string@_WU?$char_traits@_W@std@@V?$K2StringAllocator@_W@@@std@@PAVIEffectInstance@@@std@@@@$0A@@std@@@std@@QBEABU?$pair@$$CBV?$basic_string@_WU?$char_traits@_W@std@@V?$K2StringAllocator@_W@@@std@@PAVIEffectInstance@@@2@XZ 19031a90 f i mv_main.obj
 0002:00017b50       ??8const_iterator@?$_Tree@V?$_Tmap_traits@V?$basic_string@_WU?$char_traits@_W@std@@V?$K2StringAllocator@_W@@@std@@PAVIEffectInstance@@U?$less@V?$basic_string@_WU?$char_traits@_W@std@@V?$K2StringAllocator@_W@@@std@@@2@V?$K2MapAllocator@U?$pair@$$CBV?$basic_string@_WU?$char_traits@_W@std@@V?$K2StringAllocator@_W@@@std@@PAVIEffectInstance@@@std@@@@$0A@@std@@@std@@QBE_NABV012@@Z 19031b50 f i mv_main.obj
 0002:00017c10       ?_Inc@const_iterator@?$_Tree@V?$_Tmap_traits@V?$basic_string@_WU?$char_traits@_W@std@@V?$K2StringAllocator@_W@@@std@@PAVIEffectInstance@@U?$less@V?$basic_string@_WU?$char_traits@_W@std@@V?$K2StringAllocator@_W@@@std@@@2@V?$K2MapAllocator@U?$pair@$$CBV?$basic_string@_WU?$char_traits@_W@std@@V?$K2StringAllocator@_W@@@std@@PAVIEffectInstance@@@std@@@@$0A@@std@@@std@@QAEXXZ 19031c10 f i mv_main.obj
 0002:00017d80       ??0?$vector@FV?$K2VectorAllocator@F@@@std@@QAE@I@Z 19031d80 f i mv_main.obj
 0002:00017e20       ?size@?$vector@FV?$K2VectorAllocator@F@@@std@@QBEIXZ 19031e20 f i mv_main.obj
 0002:00017e70       ?_Tidy@?$vector@FV?$K2VectorAllocator@F@@@std@@IAEXXZ 19031e70 f i mv_main.obj
 0002:00017f10       ??1?$K2VectorAllocator@F@@QAE@XZ 19031f10 f i mv_main.obj
 0002:00017f30       ??0?$_Vector_iterator@U?$pair@HH@std@@V?$K2VectorAllocator@U?$pair@HH@std@@@@@std@@QAE@PAU?$pair@HH@1@PBV_Container_base@1@@Z 19031f30 f i mv_main.obj
 0002:00017f70       ??D?$_Vector_iterator@U?$pair@HH@std@@V?$K2VectorAllocator@U?$pair@HH@std@@@@@std@@QBEAAU?$pair@HH@1@XZ 19031f70 f i mv_main.obj
 0002:00017fa0       ??Y?$_Vector_iterator@U?$pair@HH@std@@V?$K2VectorAllocator@U?$pair@HH@std@@@@@std@@QAEAAV01@H@Z 19031fa0 f i mv_main.obj
 0002:00017fd0       ??E?$_Vector_const_iterator@U?$pair@HH@std@@V?$K2VectorAllocator@U?$pair@HH@std@@@@@std@@QAEAAV01@XZ 19031fd0 f i mv_main.obj
 0002:000180c0       ??8?$_Vector_const_iterator@U?$pair@HH@std@@V?$K2VectorAllocator@U?$pair@HH@std@@@@@std@@QBE_NABV01@@Z 190320c0 f i mv_main.obj
 0002:00018100       ??0?$_Vector_iterator@HV?$K2VectorAllocator@H@@@std@@QAE@ABV01@@Z 19032100 f i mv_main.obj
 0002:00018130       ??_ECEntitySnapshot@@QAEPAXI@Z 19032130 f i mv_main.obj
 0002:000181d0       ??_ECPath@@QAEPAXI@Z       190321d0 f i mv_main.obj
 0002:00018270       ??0?$_Ranit@USAnimEventCmd@@HPBU1@ABU1@@std@@QAE@XZ 19032270 f i mv_main.obj
 0002:000182a0       ??0?$_Bidit@U?$pair@$$CBV?$basic_string@_WU?$char_traits@_W@std@@V?$K2StringAllocator@_W@@@std@@PAVIEffectInstance@@@std@@HPBU12@ABU12@@std@@QAE@XZ 190322a0 f i mv_main.obj
 0002:000182d0       ??0?$_Vector_const_iterator@HV?$K2VectorAllocator@H@@@std@@QAE@ABV01@@Z 190322d0 f i mv_main.obj
 0002:00018310       ??0?$_Ranit@HHPBHABH@std@@QAE@ABU01@@Z 19032310 f i mv_main.obj
 0002:00018340       ?begin@?$vector@HV?$K2VectorAllocator@H@@@std@@QAE?AV?$_Vector_iterator@HV?$K2VectorAllocator@H@@@2@XZ 19032340 f i mv_main.obj
 0002:00018390       ?_Buy@?$vector@HV?$K2VectorAllocator@H@@@std@@IAE_NI@Z 19032390 f i mv_main.obj
 0002:00018440       ?_Destroy@?$vector@HV?$K2VectorAllocator@H@@@std@@IAEXPAH0@Z 19032440 f i mv_main.obj
 0002:00018480       ?_Insert_n@?$vector@HV?$K2VectorAllocator@H@@@std@@IAEXV?$_Vector_iterator@HV?$K2VectorAllocator@H@@@2@IABH@Z 19032480 f i mv_main.obj
 0002:00018930       ??0?$_Vector_val@HV?$K2VectorAllocator@H@@@std@@IAE@V?$K2VectorAllocator@H@@@Z 19032930 f i mv_main.obj
 0002:000189d0       ??0?$K2VectorAllocator@H@@QAE@XZ 190329d0 f i mv_main.obj
 0002:00018a00       ?deallocate@?$K2VectorAllocator@H@@QAEXPAHI@Z 19032a00 f i mv_main.obj
 0002:00018a40       ?append@?$basic_string@_WU?$char_traits@_W@std@@V?$K2StringAllocator@_W@@@std@@QAEAAV12@PB_WI@Z 19032a40 f i mv_main.obj
 0002:00018b50       ?_Isnil@?$_Tree@V?$_Tmap_traits@V?$basic_string@_WU?$char_traits@_W@std@@V?$K2StringAllocator@_W@@@std@@PAVIEffectInstance@@U?$less@V?$basic_string@_WU?$char_traits@_W@std@@V?$K2StringAllocator@_W@@@std@@@2@V?$K2MapAllocator@U?$pair@$$CBV?$basic_string@_WU?$char_traits@_W@std@@V?$K2StringAllocator@_W@@@std@@PAVIEffectInstance@@@std@@@@$0A@@std@@@std@@KAAADPAU_Node@?$_Tree_nod@V?$_Tmap_traits@V?$basic_string@_WU?$char_traits@_W@std@@V?$K2StringAllocator@_W@@@std@@PAVIEffectInstance@@U?$less@V?$basic_string@_WU?$char_traits@_W@std@@V?$K2StringAllocator@_W@@@std@@@2@V?$K2MapAllocator@U?$pair@$$CBV?$basic_string@_WU?$char_traits@_W@std@@V?$K2StringAllocator@_W@@@std@@PAVIEffectInstance@@@std@@@@$0A@@std@@@2@@Z 19032b50 f i mv_main.obj
 0002:00018b70       ?_Left@?$_Tree@V?$_Tmap_traits@V?$basic_string@_WU?$char_traits@_W@std@@V?$K2StringAllocator@_W@@@std@@PAVIEffectInstance@@U?$less@V?$basic_string@_WU?$char_traits@_W@std@@V?$K2StringAllocator@_W@@@std@@@2@V?$K2MapAllocator@U?$pair@$$CBV?$basic_string@_WU?$char_traits@_W@std@@V?$K2StringAllocator@_W@@@std@@PAVIEffectInstance@@@std@@@@$0A@@std@@@std@@KAAAPAU_Node@?$_Tree_nod@V?$_Tmap_traits@V?$basic_string@_WU?$char_traits@_W@std@@V?$K2StringAllocator@_W@@@std@@PAVIEffectInstance@@U?$less@V?$basic_string@_WU?$char_traits@_W@std@@V?$K2StringAllocator@_W@@@std@@@2@V?$K2MapAllocator@U?$pair@$$CBV?$basic_string@_WU?$char_traits@_W@std@@V?$K2StringAllocator@_W@@@std@@PAVIEffectInstance@@@std@@@@$0A@@std@@@2@PAU342@@Z 19032b70 f i mv_main.obj
 0002:00018b90       ?_Parent@?$_Tree@V?$_Tmap_traits@V?$basic_string@_WU?$char_traits@_W@std@@V?$K2StringAllocator@_W@@@std@@PAVIEffectInstance@@U?$less@V?$basic_string@_WU?$char_traits@_W@std@@V?$K2StringAllocator@_W@@@std@@@2@V?$K2MapAllocator@U?$pair@$$CBV?$basic_string@_WU?$char_traits@_W@std@@V?$K2StringAllocator@_W@@@std@@PAVIEffectInstance@@@std@@@@$0A@@std@@@std@@KAAAPAU_Node@?$_Tree_nod@V?$_Tmap_traits@V?$basic_string@_WU?$char_traits@_W@std@@V?$K2StringAllocator@_W@@@std@@PAVIEffectInstance@@U?$less@V?$basic_string@_WU?$char_traits@_W@std@@V?$K2StringAllocator@_W@@@std@@@2@V?$K2MapAllocator@U?$pair@$$CBV?$basic_string@_WU?$char_traits@_W@std@@V?$K2StringAllocator@_W@@@std@@PAVIEffectInstance@@@std@@@@$0A@@std@@@2@PAU342@@Z 19032b90 f i mv_main.obj
 0002:00018bb0       ?_Right@?$_Tree@V?$_Tmap_traits@V?$basic_string@_WU?$char_traits@_W@std@@V?$K2StringAllocator@_W@@@std@@PAVIEffectInstance@@U?$less@V?$basic_string@_WU?$char_traits@_W@std@@V?$K2StringAllocator@_W@@@std@@@2@V?$K2MapAllocator@U?$pair@$$CBV?$basic_string@_WU?$char_traits@_W@std@@V?$K2StringAllocator@_W@@@std@@PAVIEffectInstance@@@std@@@@$0A@@std@@@std@@KAAAPAU_Node@?$_Tree_nod@V?$_Tmap_traits@V?$basic_string@_WU?$char_traits@_W@std@@V?$K2StringAllocator@_W@@@std@@PAVIEffectInstance@@U?$less@V?$basic_string@_WU?$char_traits@_W@std@@V?$K2StringAllocator@_W@@@std@@@2@V?$K2MapAllocator@U?$pair@$$CBV?$basic_string@_WU?$char_traits@_W@std@@V?$K2StringAllocator@_W@@@std@@PAVIEffectInstance@@@std@@@@$0A@@std@@@2@PAU342@@Z 19032bb0 f i mv_main.obj
 0002:00018bd0       ?_Myval@?$_Tree@V?$_Tmap_traits@V?$basic_string@_WU?$char_traits@_W@std@@V?$K2StringAllocator@_W@@@std@@PAVIEffectInstance@@U?$less@V?$basic_string@_WU?$char_traits@_W@std@@V?$K2StringAllocator@_W@@@std@@@2@V?$K2MapAllocator@U?$pair@$$CBV?$basic_string@_WU?$char_traits@_W@std@@V?$K2StringAllocator@_W@@@std@@PAVIEffectInstance@@@std@@@@$0A@@std@@@std@@KAAAU?$pair@$$CBV?$basic_string@_WU?$char_traits@_W@std@@V?$K2StringAllocator@_W@@@std@@PAVIEffectInstance@@@2@PAU_Node@?$_Tree_nod@V?$_Tmap_traits@V?$basic_string@_WU?$char_traits@_W@std@@V?$K2StringAllocator@_W@@@std@@PAVIEffectInstance@@U?$less@V?$basic_string@_WU?$char_traits@_W@std@@V?$K2StringAllocator@_W@@@std@@@2@V?$K2MapAllocator@U?$pair@$$CBV?$basic_string@_WU?$char_traits@_W@std@@V?$K2StringAllocator@_W@@@std@@PAVIEffectInstance@@@std@@@@$0A@@std@@@2@@Z 19032bd0 f i mv_main.obj
 0002:00018bf0       ?_Min@?$_Tree@V?$_Tmap_traits@V?$basic_string@_WU?$char_traits@_W@std@@V?$K2StringAllocator@_W@@@std@@PAVIEffectInstance@@U?$less@V?$basic_string@_WU?$char_traits@_W@std@@V?$K2StringAllocator@_W@@@std@@@2@V?$K2MapAllocator@U?$pair@$$CBV?$basic_string@_WU?$char_traits@_W@std@@V?$K2StringAllocator@_W@@@std@@PAVIEffectInstance@@@std@@@@$0A@@std@@@std@@KAPAU_Node@?$_Tree_nod@V?$_Tmap_traits@V?$basic_string@_WU?$char_traits@_W@std@@V?$K2StringAllocator@_W@@@std@@PAVIEffectInstance@@U?$less@V?$basic_string@_WU?$char_traits@_W@std@@V?$K2StringAllocator@_W@@@std@@@2@V?$K2MapAllocator@U?$pair@$$CBV?$basic_string@_WU?$char_traits@_W@std@@V?$K2StringAllocator@_W@@@std@@PAVIEffectInstance@@@std@@@@$0A@@std@@@2@PAU342@@Z 19032bf0 f i mv_main.obj
 0002:00018c50       ?_Construct_n@?$vector@U?$pair@II@std@@V?$K2VectorAllocator@U?$pair@II@std@@@@@std@@QAEXIABU?$pair@II@2@@Z 19032c50 f i mv_main.obj
 0002:00018d20       ?_Destroy@?$vector@U?$pair@II@std@@V?$K2VectorAllocator@U?$pair@II@std@@@@@std@@IAEXPAU?$pair@II@2@0@Z 19032d20 f i mv_main.obj
 0002:00018d60       ??0?$_Vector_val@U?$pair@II@std@@V?$K2VectorAllocator@U?$pair@II@std@@@@@std@@IAE@V?$K2VectorAllocator@U?$pair@II@std@@@@@Z 19032d60 f i mv_main.obj
 0002:00018e00       ??0?$K2VectorAllocator@U?$pair@II@std@@@@QAE@XZ 19032e00 f i mv_main.obj
 0002:00018e30       ?deallocate@?$K2VectorAllocator@U?$pair@II@std@@@@QAEXPAU?$pair@II@std@@I@Z 19032e30 f i mv_main.obj
 0002:00018e70       ?max_size@?$vector@U?$pair@HH@std@@V?$K2VectorAllocator@U?$pair@HH@std@@@@@std@@QBEIXZ 19032e70 f i mv_main.obj
 0002:00018ea0       ?erase@?$vector@U?$pair@HH@std@@V?$K2VectorAllocator@U?$pair@HH@std@@@@@std@@QAE?AV?$_Vector_iterator@U?$pair@HH@std@@V?$K2VectorAllocator@U?$pair@HH@std@@@@@2@V32@0@Z 19032ea0 f i mv_main.obj
 0002:00019020       ?_Insert_n@?$vector@U?$pair@HH@std@@V?$K2VectorAllocator@U?$pair@HH@std@@@@@std@@IAEXV?$_Vector_iterator@U?$pair@HH@std@@V?$K2VectorAllocator@U?$pair@HH@std@@@@@2@IABU?$pair@HH@2@@Z 19033020 f i mv_main.obj
 0002:000194e0       ?_Xlen@?$vector@U?$pair@HH@std@@V?$K2VectorAllocator@U?$pair@HH@std@@@@@std@@KAXXZ 190334e0 f i mv_main.obj
 0002:00019590       ??0?$_Vector_val@U?$pair@HH@std@@V?$K2VectorAllocator@U?$pair@HH@std@@@@@std@@IAE@V?$K2VectorAllocator@U?$pair@HH@std@@@@@Z 19033590 f i mv_main.obj
 0002:00019630       ??0?$K2VectorAllocator@U?$pair@HH@std@@@@QAE@XZ 19033630 f i mv_main.obj
 0002:00019660       ?allocate@?$K2VectorAllocator@U?$pair@HH@std@@@@QAEPAU?$pair@HH@std@@I@Z 19033660 f i mv_main.obj
 0002:000196b0       ?_Compat@?$_Vector_const_iterator@USAnimEventCmd@@V?$K2VectorAllocator@USAnimEventCmd@@@@@std@@QBEXABV12@@Z 190336b0 f i mv_main.obj
 0002:00019760       ??0?$pair@II@std@@QAE@XZ   19033760 f i mv_main.obj
 0002:000197a0       ?_Construct_n@?$vector@FV?$K2VectorAllocator@F@@@std@@QAEXIABF@Z 190337a0 f i mv_main.obj
[...]
 0005:000009e0       __imp_?ReadBit@CBufferBit@@QBEIXZ 190669e0     k2_debug:k2_debug.dll
 0005:000009e4       __imp_?WriteBit@CBufferBit@@QAEXI@Z 190669e4     k2_debug:k2_debug.dll
 0005:000009e8       __imp_?TokenizeString@@YA?AV?$vector@V?$basic_string@_WU?$char_traits@_W@std@@V?$K2StringAllocator@_W@@@std@@V?$K2VectorAllocator@V?$basic_string@_WU?$char_traits@_W@std@@V?$K2StringAllocator@_W@@@std@@@@@@ABV?$basic_string@_WU?$char_traits@_W@std@@V?$K2StringAllocator@_W@@@std@@_W@Z 190669e8     k2_debug:k2_debug.dll
 0005:000009ec       __imp_?ReadLine@CFileHandle@@QAE?AV?$basic_string@_WU?$char_traits@_W@std@@V?$K2StringAllocator@_W@@@std@@XZ 190669ec     k2_debug:k2_debug.dll
 0005:000009f0       __imp_?IsEOF@CFileHandle@@QBE_NXZ 190669f0     k2_debug:k2_debug.dll
 0005:000009f4       __imp_?GetCursor@CResourceManager@@QAEPAVCCursor@@I@Z 190669f4     k2_debug:k2_debug.dll
 0005:000009f8       __imp_?PrecacheSkin@CResourceManager@@QAEXII@Z 190669f8     k2_debug:k2_debug.dll
 0005:000009fc       __imp_?WriteTGA@CBitmap@@QAE_NABV?$basic_string@_WU?$char_traits@_W@std@@V?$K2StringAllocator@_W@@@std@@@Z 190669fc     k2_debug:k2_debug.dll
 0005:00000a00       __imp_?Filename_StripExtension@@YA?AV?$basic_string@_WU?$char_traits@_W@std@@V?$K2StringAllocator@_W@@@std@@ABV12@@Z 19066a00     k2_debug:k2_debug.dll
 0005:00000a04       __imp_??0CBitmap@@QAE@ABV?$basic_string@_WU?$char_traits@_W@std@@V?$K2StringAllocator@_W@@@std@@_N@Z 19066a04     k2_debug:k2_debug.dll
 0005:00000a08       __imp_?Flip@CBitmap@@QAEXXZ 19066a08     k2_debug:k2_debug.dll
 0005:00000a0c       __imp_??A?$CVec4@M@@QAEAAMH@Z 19066a0c     k2_debug:k2_debug.dll
 0005:00000a10       __imp_?FormatInt@@YAX_KHIH_WAAV?$basic_string@_WU?$char_traits@_W@std@@V?$K2StringAllocator@_W@@@std@@@Z 19066a10     k2_debug:k2_debug.dll
 0005:00000a14       __imp_??1CEntitySnapshot@@QAE@XZ 19066a14     k2_debug:k2_debug.dll
 0005:00000a18       __imp_??1CPath@@QAE@XZ     19066a18     k2_debug:k2_debug.dll
 0005:00000a1c       __imp_??1ICvar@@UAE@XZ     19066a1c     k2_debug:k2_debug.dll
 0005:00000a20       __imp_?DefaultCvar_Cmd@@YA_NPAVCConsoleElement@@ABV?$vector@V?$basic_string@_WU?$char_traits@_W@std@@V?$K2StringAllocator@_W@@@std@@V?$K2VectorAllocator@V?$basic_string@_WU?$char_traits@_W@std@@V?$K2StringAllocator@_W@@@std@@@@@@@Z 19066a20     k2_debug:k2_debug.dll
 0005:00000a24       __imp_??0ICvar@@QAE@ABV?$basic_string@_WU?$char_traits@_W@std@@V?$K2StringAllocator@_W@@@std@@HW4ECvarType@@P6A_NPAVCConsoleElement@@ABV?$vector@V?$basic_string@_WU?$char_traits@_W@std@@V?$K2StringAllocator@_W@@@std@@V?$K2VectorAllocator@V?$basic_string@_WU?$char_traits@_W@std@@V?$K2StringAllocator@_W@@@std@@@@@@@Z@Z 19066a24     k2_debug:k2_debug.dll
 0005:00000a28       __imp_?Execute@CConsoleElement@@UAEXABV?$vector@V?$basic_string@_WU?$char_traits@_W@std@@V?$K2StringAllocator@_W@@@std@@V?$K2VectorAllocator@V?$basic_string@_WU?$char_traits@_W@std@@V?$K2StringAllocator@_W@@@std@@@@@@@Z 19066a28     k2_debug:k2_debug.dll
 0005:00000a2c       __imp_?Evaluate@CConsoleElement@@UAE?AV?$basic_string@_WU?$char_traits@_W@std@@V?$K2StringAllocator@_W@@@std@@ABV?$vector@V?$basic_string@_WU?$char_traits@_W@std@@V?$K2StringAllocator@_W@@@std@@V?$K2VectorAllocator@V?$basic_string@_WU?$char_traits@_W@std@@V?$K2StringAllocator@_W@@@std@@@@@@@Z 19066a2c     k2_debug:k2_debug.dll
 0005:00000a30       __imp_?Precache@CConsoleElement@@UAE_NABV?$vector@V?$basic_string@_WU?$char_traits@_W@std@@V?$K2StringAllocator@_W@@@std@@V?$K2VectorAllocator@V?$basic_string@_WU?$char_traits@_W@std@@V?$K2StringAllocator@_W@@@std@@@@@@@Z 19066a30     k2_debug:k2_debug.dll
 0005:00000a34       __imp_?GetType@ICvar@@QBE?AW4ECvarType@@XZ 19066a34     k2_debug:k2_debug.dll
 0005:00000a38       __imp_??A?$CVec3@M@@QAEAAMI@Z 19066a38     k2_debug:k2_debug.dll
 0005:00000a3c       __imp_?SingleToWide@@YA?AV?$basic_string@_WU?$char_traits@_W@std@@V?$K2StringAllocator@_W@@@std@@ABV?$basic_string@DU?$char_traits@D@std@@V?$K2StringAllocator@D@@@2@@Z 19066a3c     k2_debug:k2_debug.dll
 0005:00000a40       __imp_??0?$CVec4@M@@QAE@XZ 19066a40     k2_debug:k2_debug.dll
 0005:00000a44       __imp_?SetFloat@ICvar@@QAEXM@Z 19066a44     k2_debug:k2_debug.dll
 0005:00000a48       __imp_??9?$CVec4@M@@QBE_NABV0@@Z 19066a48     k2_debug:k2_debug.dll
 0005:00000a4c       __imp_?AtoX@@YAAAV?$CVec4@M@@ABV?$basic_string@_WU?$char_traits@_W@std@@V?$K2StringAllocator@_W@@@std@@AAV1@@Z 19066a4c     k2_debug:k2_debug.dll
 0005:00000a50       __imp_??8?$CVec4@M@@QBE_NABV0@@Z 19066a50     k2_debug:k2_debug.dll
 0005:00000a54       __imp_?XtoW@@YA?AV?$basic_string@_WU?$char_traits@_W@std@@V?$K2StringAllocator@_W@@@std@@ABV?$CVec4@M@@HHH@Z 19066a54     k2_debug:k2_debug.dll
 0005:00000a58       __imp_??9?$CVec3@M@@QBE_NABV0@@Z 19066a58     k2_debug:k2_debug.dll
 0005:00000a5c       __imp_?AtoX@@YAAAV?$CVec3@M@@ABV?$basic_string@_WU?$char_traits@_W@std@@V?$K2StringAllocator@_W@@@std@@AAV1@@Z 19066a5c     k2_debug:k2_debug.dll
 0005:00000a60       __imp_??8?$CVec3@M@@QBE_NABV0@@Z 19066a60     k2_debug:k2_debug.dll
 0005:00000a64       __imp_??0CSkeleton@@QAE@XZ 19066a64     k2_debug:k2_debug.dll
 0005:00000a68       __imp_??0?$CBoundingBox@M@@QAE@XZ 19066a68     k2_debug:k2_debug.dll
 0005:00000a6c       __imp_??0IBaseInput@@QAE@ABV?$basic_string@_WU?$char_traits@_W@std@@V?$K2StringAllocator@_W@@@std@@W4EActionType@@H@Z 19066a6c     k2_debug:k2_debug.dll
 0005:00000a70       __imp_??1IBaseInput@@UAE@XZ 19066a70     k2_debug:k2_debug.dll
 0005:00000a74       __imp_??0CUITrigger@@QAE@ABV?$basic_string@_WU?$char_traits@_W@std@@V?$K2StringAllocator@_W@@@std@@@Z 19066a74     k2_debug:k2_debug.dll
 0005:00000a78       __imp_??0CCmd@@QAE@ABV?$basic_string@_WU?$char_traits@_W@std@@V?$K2StringAllocator@_W@@@std@@P6A_NPAVCConsoleElement@@ABV?$vector@V?$basic_string@_WU?$char_traits@_W@std@@V?$K2StringAllocator@_W@@@std@@V?$K2VectorAllocator@V?$basic_string@_WU?$char_traits@_W@std@@V?$K2StringAllocator@_W@@@std@@@@@@@ZH@Z 19066a78     k2_debug:k2_debug.dll
 0005:00000a7c       __imp_??0CUICmd@@QAE@ABV?$basic_string@_WU?$char_traits@_W@std@@V?$K2StringAllocator@_W@@@std@@P6A?AV12@PAVIWidget@@ABV?$vector@PAVCUIScriptToken@@V?$K2VectorAllocator@PAVCUIScriptToken@@@@@@@ZHH@Z 19066a7c     k2_debug:k2_debug.dll
 0005:00000a80       __imp_??0CEventCmd@@QAE@ABV?$basic_string@_WU?$char_traits@_W@std@@V?$K2StringAllocator@_W@@@std@@P6A_NABV?$vector@V?$basic_string@_WU?$char_traits@_W@std@@V?$K2StringAllocator@_W@@@std@@V?$K2VectorAllocator@V?$basic_string@_WU?$char_traits@_W@std@@V?$K2StringAllocator@_W@@@std@@@@@@H@ZH@Z 19066a80     k2_debug:k2_debug.dll
 0005:00000a84       __imp_??0CAction@@QAE@ABV?$basic_string@_WU?$char_traits@_W@std@@V?$K2StringAllocator@_W@@@std@@W4EActionType@@P6AXMMABV?$CVec2@M@@0@ZH@Z 19066a84     k2_debug:k2_debug.dll
 0005:00000a88       __imp_??0CFunction@@QAE@ABV?$basic_string@_WU?$char_traits@_W@std@@V?$K2StringAllocator@_W@@@std@@P6A?AV12@ABV?$vector@V?$basic_string@_WU?$char_traits@_W@std@@V?$K2StringAllocator@_W@@@std@@V?$K2VectorAllocator@V?$basic_string@_WU?$char_traits@_W@std@@V?$K2StringAllocator@_W@@@std@@@@@@@Z@Z 19066a88     k2_debug:k2_debug.dll
 0005:00000a8c       __imp_?Seek@CBufferDynamic@@UAE_NI@Z 19066a8c     k2_debug:k2_debug.dll
 0005:00000a90       __imp_?FindNext@IBuffer@@UBEI_W@Z 19066a90     k2_debug:k2_debug.dll
 0005:00000a94       __imp_?FindNext@IBuffer@@UBEID@Z 19066a94     k2_debug:k2_debug.dll
 0005:00000a98       __imp_?Write@CBufferDynamic@@UAE_NPBXI@Z 19066a98     k2_debug:k2_debug.dll
 0005:00000a9c       __imp_?Read@CBufferDynamic@@UBE_NPAXI@Z 19066a9c     k2_debug:k2_debug.dll
 0005:00000aa0       __imp_?Lock@CBufferDynamic@@UAEPADI@Z 19066aa0     k2_debug:k2_debug.dll
 0005:00000aa4       __imp_?WriteBytes@CBufferDynamic@@UAE_NEI@Z 19066aa4     k2_debug:k2_debug.dll
 0005:00000aa8       __imp_??1IBuffer@@UAE@XZ   19066aa8     k2_debug:k2_debug.dll
 0005:00000aac       __imp_?Init@IBuffer@@IAEXI@Z 19066aac     k2_debug:k2_debug.dll
 0005:00000ab0       __imp_??0IBuffer@@QAE@XZ   19066ab0     k2_debug:k2_debug.dll
 0005:00000ab4       __imp_?Resize@IBuffer@@QAE_NI@Z 19066ab4     k2_debug:k2_debug.dll
 0005:00000ab8       __imp_??1CSkeleton@@UAE@XZ 19066ab8     k2_debug:k2_debug.dll
 0005:00000abc       __imp_??1CUITrigger@@QAE@XZ 19066abc     k2_debug:k2_debug.dll
 0005:00000ac0       __imp_??1CCmd@@UAE@XZ      19066ac0     k2_debug:k2_debug.dll
 0005:00000ac4       __imp_??1CUICmd@@QAE@XZ    19066ac4     k2_debug:k2_debug.dll
 0005:00000ac8       __imp_??1CEventCmd@@QAE@XZ 19066ac8     k2_debug:k2_debug.dll
 0005:00000acc       __imp_??1CAction@@UAE@XZ   19066acc     k2_debug:k2_debug.dll
 0005:00000ad0       __imp_??1CFunction@@UAE@XZ 19066ad0     k2_debug:k2_debug.dll
 0005:00000ad4       __imp_?AddParticleSystem@CSceneManager@@QAEXPBVCParticleSystem@@_N@Z 19066ad4     k2_debug:k2_debug.dll
 0005:00000ad8       __imp_?Modify@CSceneEntityModifier@@QBEXAAVCSceneEntity@@@Z 19066ad8     k2_debug:k2_debug.dll
 0005:00000adc       __imp_?Cleanup@CEffectThread@@QAEXXZ 19066adc     k2_debug:k2_debug.dll
 0005:00000ae0       __imp_?PrepCamera@CSceneManager@@QAEXABVCCamera@@@Z 19066ae0     k2_debug:k2_debug.dll
 0005:00000ae4       __imp_?GetBounds@CModel@@QBEABV?$CBoundingBox@M@@XZ 19066ae4     k2_debug:k2_debug.dll
 0005:00000ae8       __imp_?Transform@?$CBoundingBox@M@@QAEXABV?$CVec3@M@@ABVCAxis@@M@Z 19066ae8     k2_debug:k2_debug.dll
 0005:00000aec       __imp_?AddOffset@CCamera@@QAEXABV?$CVec3@M@@@Z 19066aec     k2_debug:k2_debug.dll
 0005:00000af0       __imp_?GetInteger@ICvar@@SAHABV?$basic_string@_WU?$char_traits@_W@std@@V?$K2StringAllocator@_W@@@std@@@Z 19066af0     k2_debug:k2_debug.dll
 0005:00000af4       __imp_??0CBitmap@@QAE@HHH@Z 19066af4     k2_debug:k2_debug.dll
 0005:00000af8       __imp_?GetBuffer@CBitmap@@QAEPAEXZ 19066af8     k2_debug:k2_debug.dll
 0005:00000afc       __imp_?GetSize@CBitmap@@QBEHXZ 19066afc     k2_debug:k2_debug.dll
 0005:00000b00       __imp_?UpdateFogofWar@CVid@@QAEXABVCBitmap@@@Z 19066b00     k2_debug:k2_debug.dll
 0005:00000b04       __imp_?RenderFogofWar@CVid@@QAEXM_NM@Z 19066b04     k2_debug:k2_debug.dll
 0005:00000b08       __imp_??1CBitmap@@QAE@XZ   19066b08     k2_debug:k2_debug.dll
 0005:00000b0c       __imp_?Render@CSceneManager@@QAEXXZ 19066b0c     k2_debug:k2_debug.dll
 0005:00000b10       __imp_?Draw2D@@3AAVCDraw2D@@A 19066b10     k2_debug:k2_debug.dll
 0005:00000b14       __imp_?GetScreenH@CDraw2D@@QAEMXZ 19066b14     k2_debug:k2_debug.dll
 0005:00000b18       __imp_?Rect@CDraw2D@@QAEXMMMMH@Z 19066b18     k2_debug:k2_debug.dll
 0005:00000b1c       __imp_??0CSceneEntity@@QAE@XZ 19066b1c     k2_debug:k2_debug.dll
 0005:00000b20       __imp_?Clear@CSceneEntity@@QAEXXZ 19066b20     k2_debug:k2_debug.dll
 0005:00000b24       __imp_?SetPosition@CSceneEntity@@QAEXABV?$CVec3@M@@@Z 19066b24     k2_debug:k2_debug.dll
 0005:00000b28       __imp_?g_pSceneManager@@3PAVCSceneManager@@A 19066b28     k2_debug:k2_debug.dll
 0005:00000b2c       __imp_?AddEntity@CSceneManager@@QAEAAUSSceneEntityEntry@@ABVCSceneEntity@@_N@Z 19066b2c     k2_debug:k2_debug.dll
 0005:00000b30       __imp_??1CSceneEntity@@QAE@XZ 19066b30     k2_debug:k2_debug.dll
 0005:00000b34       __imp_?XtoW@@YA?AV?$basic_string@_WU?$char_traits@_W@std@@V?$K2StringAllocator@_W@@@std@@ABV?$CVec3@M@@HHH@Z 19066b34     k2_debug:k2_debug.dll
 0005:00000b38       __imp_??0CException@@QAE@ABV0@@Z 19066b38     k2_debug:k2_debug.dll
 0005:00000b3c       __imp_??1CException@@QAE@XZ 19066b3c     k2_debug:k2_debug.dll
 0005:00000b40       __imp_??0CException@@QAE@ABV?$basic_string@_WU?$char_traits@_W@std@@V?$K2StringAllocator@_W@@@std@@W4EExceptionType@@@Z 19066b40     k2_debug:k2_debug.dll
 0005:00000b44       __imp_?g_pActionRegistry@@3PAVCActionRegistry@@A 19066b44     k2_debug:k2_debug.dll
 0005:00000b48       __imp_?BindAxis@CActionRegistry@@QAEXW4EBindTable@@W4EAxis@@HABV?$basic_string@_WU?$char_traits@_W@std@@V?$K2StringAllocator@_W@@@std@@2H@Z 19066b48     k2_debug:k2_debug.dll
 0005:00000b4c       __imp_?BindButton@CActionRegistry@@QAEXW4EBindTable@@W4EButton@@HABV?$basic_string@_WU?$char_traits@_W@std@@V?$K2StringAllocator@_W@@@std@@2H@Z 19066b4c     k2_debug:k2_debug.dll
 0005:00000b50       __imp_?BindImpulse@CActionRegistry@@QAEXW4EBindTable@@W4EButton@@HABV?$basic_string@_WU?$char_traits@_W@std@@V?$K2StringAllocator@_W@@@std@@2H@Z 19066b50     k2_debug:k2_debug.dll
 0005:00000b54       __imp_?SetString@ICvar@@SAXABV?$basic_string@_WU?$char_traits@_W@std@@V?$K2StringAllocator@_W@@@std@@0@Z 19066b54     k2_debug:k2_debug.dll
 0005:00000b58       __imp_?LoadInterface@CUIManager@@QAEIABV?$basic_string@_WU?$char_traits@_W@std@@V?$K2StringAllocator@_W@@@std@@@Z 19066b58     k2_debug:k2_debug.dll
 0005:00000b5c       __imp_?ExecuteScript@CConsole@@QAE_NABV?$basic_string@_WU?$char_traits@_W@std@@V?$K2StringAllocator@_W@@@std@@_NPAV?$map@V?$basic_string@_WU?$char_traits@_W@std@@V?$K2StringAllocator@_W@@@std@@V12@U?$less@V?$basic_string@_WU?$char_traits@_W@std@@V?$K2StringAllocator@_W@@@std@@@2@V?$K2MapAllocator@U?$pair@$$CBV?$basic_string@_WU?$char_traits@_W@std@@V?$K2StringAllocator@_W@@@std@@V12@@std@@@@@@@Z 19066b5c     k2_debug:k2_debug.dll
 0005:00000b60       __imp_?SetModified@ICvar@@QAEX_N@Z 19066b60     k2_debug:k2_debug.dll
 0005:00000b64       __imp_?GetInterface@CUIManager@@QBEPAVCInterface@@ABV?$basic_string@_WU?$char_traits@_W@std@@V?$K2StringAllocator@_W@@@std@@@Z 19066b64     k2_debug:k2_debug.dll
 0005:00000b68       __imp_?Trigger@CUITrigger@@QAEXABV?$basic_string@_WU?$char_traits@_W@std@@V?$K2StringAllocator@_W@@@std@@_N@Z 19066b68     k2_debug:k2_debug.dll
 0005:00000b6c       __imp_?GetAnimName@CResourceManager@@QAEABV?$basic_string@_WU?$char_traits@_W@std@@V?$K2StringAllocator@_W@@@std@@II@Z 19066b6c     k2_debug:k2_debug.dll
 0005:00000b70       __imp_??G?$CVec3@M@@QBE?AV0@ABV0@@Z 19066b70     k2_debug:k2_debug.dll
 0005:00000b74       __imp_?UpdateHandle@CSoundManager@@QAE_NIABV?$CVec3@M@@0_N@Z 19066b74     k2_debug:k2_debug.dll
 0005:00000b78       __imp_?Modified@ICvar@@QAEXXZ 19066b78     k2_debug:k2_debug.dll
 0005:00000b7c       __imp_?g_pUIManager@@3PAVCUIManager@@A 19066b7c     k2_debug:k2_debug.dll
 0005:00000b80       __imp_?GetActiveInterface@CUIManager@@QBEPAVCInterface@@XZ 19066b80     k2_debug:k2_debug.dll
 0005:00000b84       __imp_??Z?$CVec3@M@@QAEAAV0@ABV0@@Z 19066b84     k2_debug:k2_debug.dll
 0005:00000b88       __imp_??Y?$CVec3@M@@QAEAAV0@ABV0@@Z 19066b88     k2_debug:k2_debug.dll
 0005:00000b8c       __imp_?M_Randnum@@YAHHH@Z  19066b8c     k2_debug:k2_debug.dll
 0005:00000b90       __imp_??0CSample@@QAE@ABV?$basic_string@_WU?$char_traits@_W@std@@V?$K2StringAllocator@_W@@@std@@H@Z 19066b90     k2_debug:k2_debug.dll
 0005:00000b94       __imp_?Register@CResourceManager@@QAEIPAVIResource@@II@Z 19066b94     k2_debug:k2_debug.dll
 0005:00000b98       __imp_?K2SoundManager@@3AAVCSoundManager@@A 19066b98     k2_debug:k2_debug.dll
 0005:00000b9c       __imp_?StopHandle@CSoundManager@@QAEXI@Z 19066b9c     k2_debug:k2_debug.dll
 0005:00000ba0       __imp_?PlaySFXSound@CSoundManager@@QAEIIPBV?$CVec3@M@@0MMHHHHHHHMMHM@Z 19066ba0     k2_debug:k2_debug.dll
 0005:00000ba4       __imp_??0?$CVec3@M@@QAE@XZ 19066ba4     k2_debug:k2_debug.dll
 0005:00000ba8       __imp_?GetUseEntityEffectScale@CEffectThread@@QAE_NXZ 19066ba8     k2_debug:k2_debug.dll
 0005:00000bac       __imp_?Execute@CEffectThread@@QAE_NI@Z 19066bac     k2_debug:k2_debug.dll
 0005:00000bb0       __imp_?AddOutputHistoryT@CConsoleStream@@AAEXABV?$basic_string@_WU?$char_traits@_W@std@@V?$K2StringAllocator@_W@@@std@@@Z 19066bb0     k2_debug:k2_debug.dll
 0005:00000bb4       __imp_?g_pConsole@@3PAVCConsole@@A 19066bb4     k2_debug:k2_debug.dll
 0005:00000bb8       __imp_?IsDeferred@CEffectThread@@QAE_NXZ 19066bb8     k2_debug:k2_debug.dll
 0005:00000bbc       __imp_?Expire@CEffectThread@@QAEXI@Z 19066bbc     k2_debug:k2_debug.dll
 0005:00000bc0       __imp_?IsPersistent@CEffectThread@@QAE_NXZ 19066bc0     k2_debug:k2_debug.dll
 0005:00000bc4       __imp_?Register@CResourceManager@@QAEIABV?$basic_string@_WU?$char_traits@_W@std@@V?$K2StringAllocator@_W@@@std@@II@Z 19066bc4     k2_debug:k2_debug.dll
 0005:00000bc8       __imp_?GetEffect@CResourceManager@@QAEPAVCEffect@@I@Z 19066bc8     k2_debug:k2_debug.dll
 0005:00000bcc       __imp_?SpawnThread@CEffect@@QAEPAVCEffectThread@@I@Z 19066bcc     k2_debug:k2_debug.dll
 0005:00000bd0       __imp_?GetModel@CResourceManager@@QAEPAVCModel@@I@Z 19066bd0     k2_debug:k2_debug.dll
 0005:00000bd4       __imp_?SetAnimTime@CSkeleton@@QAEXMH@Z 19066bd4     k2_debug:k2_debug.dll
 0005:00000bd8       __imp_?SetAnimSpeed@CSkeleton@@QAEXMH@Z 19066bd8     k2_debug:k2_debug.dll
 0005:00000bdc       __imp_?Evaluate@CUIScriptToken@@QAEABV?$basic_string@_WU?$char_traits@_W@std@@V?$K2StringAllocator@_W@@@std@@XZ 19066bdc     k2_debug:k2_debug.dll
 0005:00000be0       __imp_?StartAnim@CSkeleton@@QAEHABV?$basic_string@_WU?$char_traits@_W@std@@V?$K2StringAllocator@_W@@@std@@IHHMI@Z 19066be0     k2_debug:k2_debug.dll
 0005:00000be4       __imp_?SetFloat@ICvar@@SAXABV?$basic_string@_WU?$char_traits@_W@std@@V?$K2StringAllocator@_W@@@std@@M@Z 19066be4     k2_debug:k2_debug.dll
 0005:00000be8       __imp_??RCCmd@@QAE_NABV?$basic_string@_WU?$char_traits@_W@std@@V?$K2StringAllocator@_W@@@std@@000000000@Z 19066be8     k2_debug:k2_debug.dll
 0005:00000bec       __imp_?TSNULL@@3V?$basic_string@_WU?$char_traits@_W@std@@V?$K2StringAllocator@_W@@@std@@B 19066bec     k2_debug:k2_debug.dll
 0005:00000bf0       __imp_??A?$CVec3@M@@QBEABMH@Z 19066bf0     k2_debug:k2_debug.dll
 0005:00000bf4       __imp_?Clear@?$CVec3@M@@QAEAAV1@XZ 19066bf4     k2_debug:k2_debug.dll
 0005:00000bf8       __imp_?g_ResourceManager@@3AAVCResourceManager@@A 19066bf8     k2_debug:k2_debug.dll
 0005:00000bfc       __imp_?GetModelBounds@CResourceManager@@QAEABV?$CBoundingBox@M@@I@Z 19066bfc     k2_debug:k2_debug.dll
 0005:00000c00       __imp_?GetMax@?$CBoundingBox@M@@QBEABV?$CVec3@M@@XZ 19066c00     k2_debug:k2_debug.dll
 0005:00000c04       __imp_??0?$CVec3@M@@QAE@MMM@Z 19066c04     k2_debug:k2_debug.dll
 0005:00000c08       __imp_?GetMin@?$CBoundingBox@M@@QBEABV?$CVec3@M@@XZ 19066c08     k2_debug:k2_debug.dll
 0005:00000c0c       __imp_??H?$CVec3@M@@QBE?AV0@ABV0@@Z 19066c0c     k2_debug:k2_debug.dll
 0005:00000c10       __imp_??D?$CVec3@M@@QBE?AV0@M@Z 19066c10     k2_debug:k2_debug.dll
 0005:00000c14       __imp_?GetDim@?$CBoundingBox@M@@QBEMW4EVectorComponent@@@Z 19066c14     k2_debug:k2_debug.dll
 0005:00000c18       __imp_??1?$CBoundingBox@M@@QAE@XZ 19066c18     k2_debug:k2_debug.dll
 0005:00000c1c       __imp_?SetVec3@ICvar@@SAXABV?$basic_string@_WU?$char_traits@_W@std@@V?$K2StringAllocator@_W@@@std@@MMM@Z 19066c1c     k2_debug:k2_debug.dll
 0005:00000c20       __imp_??0?$CVec4@M@@QAE@MMMM@Z 19066c20     k2_debug:k2_debug.dll
 0005:00000c24       __imp_?m_cMicroHeapManager@CMemManager@@0PAVHeapManager@MICRO_ALLOCATOR@@A 19066c24     k2_debug:k2_debug.dll
 0005:00000c28       __imp_?heap_malloc@MICRO_ALLOCATOR@@YAPAXPAVHeapManager@1@I@Z 19066c28     k2_debug:k2_debug.dll
 0005:00000c2c       __imp_?Deallocate@CMemManager@@SAXPAXPBDW4MemoryType@@1F@Z 19066c2c     k2_debug:k2_debug.dll
 0005:00000c30       __imp_?s_bReleased@CMemManager@@0_NA 19066c30     k2_debug:k2_debug.dll
 0005:00000c34       __imp_?s_pInstance@CMemManager@@0PAV1@A 19066c34     k2_debug:k2_debug.dll
 0005:00000c38       __imp_?s_bRequested@CMemManager@@0_NA 19066c38     k2_debug:k2_debug.dll
 0005:00000c3c       __imp_?ReadBits@CBufferBit@@QBEII@Z 19066c3c     k2_debug:k2_debug.dll
 0005:00000c40       __imp_?Init@CMemManager@@AAEXXZ 19066c40     k2_debug:k2_debug.dll
 0005:00000c44       \177k2_debug_NULL_THUNK_DATA 19066c44     k2_debug:k2_debug.dll

 entry point at        0002:00000ca8

